ARM Linker, 5.03 [Build 76] [MDK-ARM Lite]

==============================================================================

Section Cross References

    xo game.o(i.CheckMode) refers to nokia5110.o(i.Nokia5110_ClearBuffer) for Nokia5110_ClearBuffer
    xo game.o(i.CheckMode) refers to nokia5110.o(i.Nokia5110_SetCursor) for Nokia5110_SetCursor
    xo game.o(i.CheckMode) refers to nokia5110.o(i.Nokia5110_OutString) for Nokia5110_OutString
    xo game.o(i.CheckMode) refers to gpio_program.o(i.GPIO_enuReadPinValue) for GPIO_enuReadPinValue
    xo game.o(i.CheckMode) refers to main.o(.data) for uart
    xo game.o(i.CheckPlayAgain) refers to nokia5110.o(i.Nokia5110_ClearBuffer) for Nokia5110_ClearBuffer
    xo game.o(i.CheckPlayAgain) refers to nokia5110.o(i.Nokia5110_SetCursor) for Nokia5110_SetCursor
    xo game.o(i.CheckPlayAgain) refers to nokia5110.o(i.Nokia5110_OutString) for Nokia5110_OutString
    xo game.o(i.CheckPlayAgain) refers to main.o(.data) for Right
    xo game.o(i.Display_Winner) refers to nokia5110.o(i.Nokia5110_ClearBuffer) for Nokia5110_ClearBuffer
    xo game.o(i.Display_Winner) refers to nokia5110.o(i.Nokia5110_PrintBMP) for Nokia5110_PrintBMP
    xo game.o(i.Display_Winner) refers to nokia5110.o(i.Nokia5110_DisplayBuffer) for Nokia5110_DisplayBuffer
    xo game.o(i.Display_Winner) refers to nokia5110.o(i.Nokia5110_SetCursor) for Nokia5110_SetCursor
    xo game.o(i.Display_Winner) refers to nokia5110.o(i.Nokia5110_OutChar) for Nokia5110_OutChar
    xo game.o(i.Display_Winner) refers to nokia5110.o(i.Nokia5110_OutString) for Nokia5110_OutString
    xo game.o(i.Display_Winner) refers to timer.o(i.Timer2_delay) for Timer2_delay
    xo game.o(i.Display_Winner) refers to nokia5110.o(i.Nokia5110_OutUDec) for Nokia5110_OutUDec
    xo game.o(i.Display_Winner) refers to nokia5110.o(i.Nokia5110_Clear) for Nokia5110_Clear
    xo game.o(i.Display_Winner) refers to xo game.o(.data) for xWins
    xo game.o(i.Display_Winner) refers to xo game.o(.constdata) for border
    xo game.o(i.DrawGrid) refers to nokia5110.o(i.Nokia5110_ClearBuffer) for Nokia5110_ClearBuffer
    xo game.o(i.DrawGrid) refers to nokia5110.o(i.Nokia5110_PrintBMP) for Nokia5110_PrintBMP
    xo game.o(i.DrawGrid) refers to nokia5110.o(i.Nokia5110_DisplayBuffer) for Nokia5110_DisplayBuffer
    xo game.o(i.DrawGrid) refers to timer.o(i.Timer2_delay) for Timer2_delay
    xo game.o(i.DrawGrid) refers to xo game.o(i.displayPlayer) for displayPlayer
    xo game.o(i.DrawGrid) refers to xo game.o(.constdata) for Cell
    xo game.o(i.EndGame) refers to nokia5110.o(i.Nokia5110_Clear) for Nokia5110_Clear
    xo game.o(i.GameReset) refers to timer.o(i.Timer2_delay) for Timer2_delay
    xo game.o(i.GameReset) refers to led.o(i.Set_Led) for Set_Led
    xo game.o(i.GameReset) refers to xo game.o(.data) for playedCells
    xo game.o(i.GameReset) refers to xo game.o(.bss) for GameMatrix
    xo game.o(i.Intro) refers to nokia5110.o(i.Nokia5110_PrintBMP) for Nokia5110_PrintBMP
    xo game.o(i.Intro) refers to nokia5110.o(i.Nokia5110_DisplayBuffer) for Nokia5110_DisplayBuffer
    xo game.o(i.Intro) refers to timer.o(i.Timer2_delay) for Timer2_delay
    xo game.o(i.Intro) refers to nokia5110.o(i.Nokia5110_Clear) for Nokia5110_Clear
    xo game.o(i.Intro) refers to nokia5110.o(i.Nokia5110_SetCursor) for Nokia5110_SetCursor
    xo game.o(i.Intro) refers to nokia5110.o(i.Nokia5110_OutString) for Nokia5110_OutString
    xo game.o(i.Intro) refers to xo game.o(.constdata) for intro
    xo game.o(i.StartGame) refers to nokia5110.o(i.Nokia5110_PrintBMP) for Nokia5110_PrintBMP
    xo game.o(i.StartGame) refers to nokia5110.o(i.Nokia5110_DisplayBuffer) for Nokia5110_DisplayBuffer
    xo game.o(i.StartGame) refers to xo game.o(i.displayPlayer) for displayPlayer
    xo game.o(i.StartGame) refers to timer.o(i.Timer2_delay) for Timer2_delay
    xo game.o(i.StartGame) refers to main.o(.data) for Right
    xo game.o(i.StartGame) refers to xo game.o(.data) for currentCell
    xo game.o(i.StartGame) refers to xo game.o(.bss) for GameMatrix
    xo game.o(i.StartGame) refers to xo game.o(.constdata) for Cell
    xo game.o(i.StartGame) refers to led.o(i.Clear_Led) for Clear_Led
    xo game.o(i.StartGame) refers to led.o(i.Set_Led) for Set_Led
    xo game.o(i.StartGame) refers to xo game.o(i.checkWinner) for checkWinner
    xo game.o(i.StartGame) refers to xo game.o(i.Display_Winner) for Display_Winner
    xo game.o(i.StartGame) refers to xo game.o(i.CheckPlayAgain) for CheckPlayAgain
    xo game.o(i.StartGame) refers to xo game.o(i.GameReset) for GameReset
    xo game.o(i.StartGame) refers to xo game.o(i.CheckMode) for CheckMode
    xo game.o(i.StartGame) refers to xo game.o(i.DrawGrid) for DrawGrid
    xo game.o(i.StartGame) refers to xo game.o(i.EndGame) for EndGame
    xo game.o(i.StartGame) refers to xo game.o(i.displayDraw) for displayDraw
    xo game.o(i.StartGame) refers to nokia5110.o(i.Nokia5110_SetCursor) for Nokia5110_SetCursor
    xo game.o(i.StartGame) refers to nokia5110.o(i.Nokia5110_OutString) for Nokia5110_OutString
    xo game.o(i.StartGame) refers to led.o(i.ToggleLED) for ToggleLED
    xo game.o(i.animation) refers to nokia5110.o(i.Nokia5110_Clear) for Nokia5110_Clear
    xo game.o(i.animation) refers to nokia5110.o(i.Nokia5110_SetCursor) for Nokia5110_SetCursor
    xo game.o(i.animation) refers to nokia5110.o(i.Nokia5110_OutString) for Nokia5110_OutString
    xo game.o(i.animation) refers to timer.o(i.Timer2_delay) for Timer2_delay
    xo game.o(i.animation) refers to nokia5110.o(i.Nokia5110_PrintBMP) for Nokia5110_PrintBMP
    xo game.o(i.animation) refers to nokia5110.o(i.Nokia5110_DisplayBuffer) for Nokia5110_DisplayBuffer
    xo game.o(i.animation) refers to nokia5110.o(i.Nokia5110_ClearBuffer) for Nokia5110_ClearBuffer
    xo game.o(i.animation) refers to xo game.o(.data) for data
    xo game.o(i.animation) refers to xo game.o(.constdata) for SmallEnemy10PointA
    xo game.o(i.checkWinner) refers to nokia5110.o(i.Nokia5110_PrintBMP) for Nokia5110_PrintBMP
    xo game.o(i.checkWinner) refers to led.o(i.ToggleLED) for ToggleLED
    xo game.o(i.checkWinner) refers to led.o(i.Clear_Led) for Clear_Led
    xo game.o(i.checkWinner) refers to nokia5110.o(i.Nokia5110_DisplayBuffer) for Nokia5110_DisplayBuffer
    xo game.o(i.checkWinner) refers to timer.o(i.Timer2_delay) for Timer2_delay
    xo game.o(i.checkWinner) refers to xo game.o(.bss) for GameMatrix
    xo game.o(i.checkWinner) refers to xo game.o(.constdata) for Cell
    xo game.o(i.displayDraw) refers to led.o(i.ToggleLED) for ToggleLED
    xo game.o(i.displayDraw) refers to timer.o(i.Timer2_delay) for Timer2_delay
    xo game.o(i.displayDraw) refers to nokia5110.o(i.Nokia5110_SetCursor) for Nokia5110_SetCursor
    xo game.o(i.displayDraw) refers to nokia5110.o(i.Nokia5110_OutString) for Nokia5110_OutString
    xo game.o(i.displayDraw) refers to nokia5110.o(i.Nokia5110_Clear) for Nokia5110_Clear
    xo game.o(i.displayPlayer) refers to nokia5110.o(i.Nokia5110_SetCursor) for Nokia5110_SetCursor
    xo game.o(i.displayPlayer) refers to nokia5110.o(i.Nokia5110_OutChar) for Nokia5110_OutChar
    xo game.o(i.displayPlayer) refers to nokia5110.o(i.Nokia5110_OutString) for Nokia5110_OutString
    xo game.o(i.displayPlayer) refers to xo game.o(.data) for playletter
    texas.o(i.SetCode) refers to texas.o(.bss) for TExaS
    texas.o(i.SetCourse) refers to texas.o(.bss) for TExaS
    texas.o(i.SetMode) refers to texas.o(.bss) for TExaS
    texas.o(i.StartTimer4) refers to texas.o(.data) for ScopeCount
    texas.o(i.TExaS_Init) refers to texas.o(i.PLL_Init) for PLL_Init
    texas.o(i.TExaS_Init) refers to texas.o(i.SetCourse) for SetCourse
    texas.o(i.TExaS_Init) refers to texas.o(i.UART0_Init) for UART0_Init
    texas.o(i.TExaS_Init) refers to texas.o(i.SetCode) for SetCode
    texas.o(i.TExaS_Init) refers to texas.o(i.ADC1_Init) for ADC1_Init
    texas.o(i.TExaS_Init) refers to texas.o(.constdata) for IntroMsg
    texas.o(i.TExaS_Init) refers to texas.o(.bss) for TExaS
    texas.o(i.TExaS_Init) refers to texas.o(.data) for LastMode
    texas.o(i.Timer5A_Handler) refers to texas.o(i.ADC1_In) for ADC1_In
    texas.o(i.Timer5A_Handler) refers to texas.o(.data) for TExaS_Period
    startup.o(STACK) refers (Special) to heapauxi.o(.text) for __use_two_region_memory
    startup.o(HEAP) refers (Special) to heapauxi.o(.text) for __use_two_region_memory
    startup.o(RESET) refers (Special) to heapauxi.o(.text) for __use_two_region_memory
    startup.o(RESET) refers to startup.o(STACK) for StackMem
    startup.o(RESET) refers to main.o(i.GPIOPortF_Handler) for GPIOPortF_Handler
    startup.o(RESET) refers to texas.o(i.Timer4A_Handler) for Timer4A_Handler
    startup.o(RESET) refers to texas.o(i.Timer5A_Handler) for Timer5A_Handler
    startup.o(RESET) refers to __main.o(!!!main) for __main
    startup.o(.text) refers (Special) to heapauxi.o(.text) for __use_two_region_memory
    startup.o(.text) refers to startup.o(HEAP) for HeapMem
    startup.o(.text) refers to startup.o(STACK) for StackMem
    main.o(i.GPIOPortF_Handler) refers to timer.o(i.Timer2_delay) for Timer2_delay
    main.o(i.GPIOPortF_Handler) refers to gpio_program.o(i.GPIO_enuReadPinValue) for GPIO_enuReadPinValue
    main.o(i.GPIOPortF_Handler) refers to gpio_program.o(i.GPIO_vidClearInterrupt) for GPIO_vidClearInterrupt
    main.o(i.GPIOPortF_Handler) refers to main.o(.data) for Sw5Flag
    main.o(i.main) refers to texas.o(i.TExaS_Init) for TExaS_Init
    main.o(i.main) refers to gpio_program.o(i.PortF_Init) for PortF_Init
    main.o(i.main) refers to gpio_program.o(i.PortB_Init) for PortB_Init
    main.o(i.main) refers to uart.o(i.UART_Init) for UART_Init
    main.o(i.main) refers to adc.o(i.ADC_Init) for ADC_Init
    main.o(i.main) refers to main.o(i.vidButtonsInit) for vidButtonsInit
    main.o(i.main) refers to nokia5110.o(i.Nokia5110_Init) for Nokia5110_Init
    main.o(i.main) refers to nokia5110.o(i.Nokia5110_ClearBuffer) for Nokia5110_ClearBuffer
    main.o(i.main) refers to nokia5110.o(i.Nokia5110_DisplayBuffer) for Nokia5110_DisplayBuffer
    main.o(i.main) refers to xo game.o(i.Intro) for Intro
    main.o(i.main) refers to xo game.o(i.animation) for animation
    main.o(i.main) refers to xo game.o(i.CheckMode) for CheckMode
    main.o(i.main) refers to xo game.o(i.GameReset) for GameReset
    main.o(i.main) refers to xo game.o(i.DrawGrid) for DrawGrid
    main.o(i.main) refers to gpio_program.o(i.GPIO_enuReadPinValue) for GPIO_enuReadPinValue
    main.o(i.main) refers to nvic_program.o(i.NVIC_vidEnableInterrupt) for NVIC_vidEnableInterrupt
    main.o(i.main) refers to nvic_program.o(i.NVIC_vidSetPendingFlag) for NVIC_vidSetPendingFlag
    main.o(i.main) refers to uart.o(i.UART_OutString) for UART_OutString
    main.o(i.main) refers to uart.o(i.UART_InChar) for UART_InChar
    main.o(i.main) refers to uart.o(i.UART_OutChar) for UART_OutChar
    main.o(i.main) refers to xo game.o(i.StartGame) for StartGame
    main.o(i.main) refers to main.o(.data) for uart
    main.o(i.vidButtonsInit) refers to gpio_program.o(i.GPIO_vidSetPinDirection) for GPIO_vidSetPinDirection
    main.o(i.vidButtonsInit) refers to gpio_program.o(i.GPIO_vidSetPUR) for GPIO_vidSetPUR
    main.o(i.vidButtonsInit) refers to gpio_program.o(i.GPIO_vidSetPinDigEnable) for GPIO_vidSetPinDigEnable
    main.o(i.vidButtonsInit) refers to gpio_program.o(i.GPIO_vidSelectInterruptSense) for GPIO_vidSelectInterruptSense
    main.o(i.vidButtonsInit) refers to gpio_program.o(i.GPIO_vidClearInterrupt) for GPIO_vidClearInterrupt
    main.o(i.vidButtonsInit) refers to gpio_program.o(i.GPIO_vidEnableInterrupt) for GPIO_vidEnableInterrupt
    main.o(i.vidButtonsInit) refers to gpio_program.o(i.GPIO_vidSelectInterruptEvent) for GPIO_vidSelectInterruptEvent
    main.o(i.vidButtonsInit) refers to gpio_program.o(i.GPIO_vidInterruptBothEdges) for GPIO_vidInterruptBothEdges
    gpio_program.o(i.PortB_Init) refers to gpio_program.o(.data) for delay
    gpio_program.o(i.PortF_Init) refers to gpio_program.o(i.GPIO_vidUnlock) for GPIO_vidUnlock
    gpio_program.o(i.PortF_Init) refers to gpio_program.o(.data) for delay
    timer.o(i.Timer2_delay) refers to timer.o(.data) for TimerCountt
    uart.o(i.UART_ConvertUDec) refers to uart.o(i.UART_OutString) for UART_OutString
    uart.o(i.UART_InUDec) refers to uart.o(i.UART_InChar) for UART_InChar
    uart.o(i.UART_InUDec) refers to uart.o(i.UART_OutChar) for UART_OutChar
    uart.o(i.UART_OutDistance) refers to uart.o(i.UART_ConvertDistance) for UART_ConvertDistance
    uart.o(i.UART_OutDistance) refers to uart.o(i.UART_OutString) for UART_OutString
    uart.o(i.UART_OutDistance) refers to uart.o(.bss) for String
    uart.o(i.UART_OutString) refers to uart.o(i.UART_OutChar) for UART_OutChar
    uart.o(i.UART_OutUDec) refers to uart.o(i.UART_ConvertUDec) for UART_ConvertUDec
    nokia5110.o(i.Nokia5110_Clear) refers to nokia5110.o(i.lcdwrite) for lcdwrite
    nokia5110.o(i.Nokia5110_Clear) refers to nokia5110.o(i.Nokia5110_SetCursor) for Nokia5110_SetCursor
    nokia5110.o(i.Nokia5110_ClearBuffer) refers to nokia5110.o(.bss) for Screen
    nokia5110.o(i.Nokia5110_ClearPixel) refers to nokia5110.o(.bss) for Screen
    nokia5110.o(i.Nokia5110_DisplayBuffer) refers to nokia5110.o(i.Nokia5110_DrawFullImage) for Nokia5110_DrawFullImage
    nokia5110.o(i.Nokia5110_DisplayBuffer) refers to nokia5110.o(.bss) for Screen
    nokia5110.o(i.Nokia5110_DrawFullImage) refers to nokia5110.o(i.Nokia5110_SetCursor) for Nokia5110_SetCursor
    nokia5110.o(i.Nokia5110_DrawFullImage) refers to nokia5110.o(i.lcdwrite) for lcdwrite
    nokia5110.o(i.Nokia5110_Init) refers to nokia5110.o(i.lcdwrite) for lcdwrite
    nokia5110.o(i.Nokia5110_OutChar) refers to nokia5110.o(i.lcdwrite) for lcdwrite
    nokia5110.o(i.Nokia5110_OutChar) refers to nokia5110.o(.constdata) for ASCII
    nokia5110.o(i.Nokia5110_OutString) refers to nokia5110.o(i.Nokia5110_OutChar) for Nokia5110_OutChar
    nokia5110.o(i.Nokia5110_OutUDec) refers to nokia5110.o(i.Nokia5110_OutString) for Nokia5110_OutString
    nokia5110.o(i.Nokia5110_OutUDec) refers to nokia5110.o(i.Nokia5110_OutChar) for Nokia5110_OutChar
    nokia5110.o(i.Nokia5110_PrintBMP) refers to nokia5110.o(.bss) for Screen
    nokia5110.o(i.Nokia5110_SetCursor) refers to nokia5110.o(i.lcdwrite) for lcdwrite
    nokia5110.o(i.Nokia5110_SetPixel) refers to nokia5110.o(.bss) for Screen
    led.o(i.ToggleLED) refers to timer.o(i.Timer2_delay) for Timer2_delay
    led.o(i.ToggleLED) refers to led.o(.data) for i
    adc.o(i.ADC_Init) refers to adc.o(.data) for temp_delay
    __main.o(!!!main) refers to rtentry.o(.ARM.Collect$$rtentry$$00000000) for __rt_entry
    rtentry.o(.ARM.Collect$$rtentry$$00000000) refers (Special) to rtentry2.o(.ARM.Collect$$rtentry$$0000000A) for __rt_entry_li
    rtentry.o(.ARM.Collect$$rtentry$$00000000) refers (Special) to rtentry2.o(.ARM.Collect$$rtentry$$0000000D) for __rt_entry_main
    rtentry.o(.ARM.Collect$$rtentry$$00000000) refers (Special) to rtentry2.o(.ARM.Collect$$rtentry$$0000000C) for __rt_entry_postli_1
    rtentry.o(.ARM.Collect$$rtentry$$00000000) refers (Special) to rtentry2.o(.ARM.Collect$$rtentry$$00000009) for __rt_entry_postsh_1
    rtentry.o(.ARM.Collect$$rtentry$$00000000) refers (Special) to rtentry2.o(.ARM.Collect$$rtentry$$00000002) for __rt_entry_presh_1
    rtentry.o(.ARM.Collect$$rtentry$$00000000) refers (Special) to rtentry4.o(.ARM.Collect$$rtentry$$00000004) for __rt_entry_sh
    rtentry2.o(.ARM.Collect$$rtentry$$00000008) refers to boardinit2.o(.text) for _platform_post_stackheap_init
    rtentry2.o(.ARM.Collect$$rtentry$$0000000A) refers to libinit.o(.ARM.Collect$$libinit$$00000000) for __rt_lib_init
    rtentry2.o(.ARM.Collect$$rtentry$$0000000B) refers to boardinit3.o(.text) for _platform_post_lib_init
    rtentry2.o(.ARM.Collect$$rtentry$$0000000D) refers to main.o(i.main) for main
    rtentry2.o(.ARM.Collect$$rtentry$$0000000D) refers to exit.o(.text) for exit
    rtentry2.o(.ARM.exidx) refers to rtentry2.o(.ARM.Collect$$rtentry$$00000001) for .ARM.Collect$$rtentry$$00000001
    rtentry2.o(.ARM.exidx) refers to rtentry2.o(.ARM.Collect$$rtentry$$00000008) for .ARM.Collect$$rtentry$$00000008
    rtentry2.o(.ARM.exidx) refers to rtentry2.o(.ARM.Collect$$rtentry$$0000000A) for .ARM.Collect$$rtentry$$0000000A
    rtentry2.o(.ARM.exidx) refers to rtentry2.o(.ARM.Collect$$rtentry$$0000000B) for .ARM.Collect$$rtentry$$0000000B
    rtentry2.o(.ARM.exidx) refers to rtentry2.o(.ARM.Collect$$rtentry$$0000000D) for .ARM.Collect$$rtentry$$0000000D
    rtentry4.o(.ARM.Collect$$rtentry$$00000004) refers to sys_stackheap_outer.o(.text) for __user_setup_stackheap
    rtentry4.o(.ARM.exidx) refers to rtentry4.o(.ARM.Collect$$rtentry$$00000004) for .ARM.Collect$$rtentry$$00000004
    sys_stackheap_outer.o(.text) refers to libspace.o(.text) for __user_perproc_libspace
    sys_stackheap_outer.o(.text) refers to startup.o(.text) for __user_initial_stackheap
    exit.o(.text) refers to rtexit.o(.ARM.Collect$$rtexit$$00000000) for __rt_exit
    libinit.o(.ARM.Collect$$libinit$$00000000) refers (Special) to libinit2.o(.ARM.Collect$$libinit$$0000002C) for __rt_lib_init_alloca_1
    libinit.o(.ARM.Collect$$libinit$$00000000) refers (Special) to libinit2.o(.ARM.Collect$$libinit$$0000002A) for __rt_lib_init_argv_1
    libinit.o(.ARM.Collect$$libinit$$00000000) refers (Special) to libinit2.o(.ARM.Collect$$libinit$$00000019) for __rt_lib_init_atexit_1
    libinit.o(.ARM.Collect$$libinit$$00000000) refers (Special) to libinit2.o(.ARM.Collect$$libinit$$0000001F) for __rt_lib_init_clock_1
    libinit.o(.ARM.Collect$$libinit$$00000000) refers (Special) to libinit2.o(.ARM.Collect$$libinit$$00000030) for __rt_lib_init_cpp_1
    libinit.o(.ARM.Collect$$libinit$$00000000) refers (Special) to libinit2.o(.ARM.Collect$$libinit$$0000002E) for __rt_lib_init_exceptions_1
    libinit.o(.ARM.Collect$$libinit$$00000000) refers (Special) to libinit2.o(.ARM.Collect$$libinit$$00000002) for __rt_lib_init_fp_1
    libinit.o(.ARM.Collect$$libinit$$00000000) refers (Special) to libinit2.o(.ARM.Collect$$libinit$$0000001D) for __rt_lib_init_fp_trap_1
    libinit.o(.ARM.Collect$$libinit$$00000000) refers (Special) to libinit2.o(.ARM.Collect$$libinit$$00000021) for __rt_lib_init_getenv_1
    libinit.o(.ARM.Collect$$libinit$$00000000) refers (Special) to libinit2.o(.ARM.Collect$$libinit$$00000008) for __rt_lib_init_heap_1
    libinit.o(.ARM.Collect$$libinit$$00000000) refers (Special) to libinit2.o(.ARM.Collect$$libinit$$0000000F) for __rt_lib_init_lc_collate_1
    libinit.o(.ARM.Collect$$libinit$$00000000) refers (Special) to libinit2.o(.ARM.Collect$$libinit$$00000011) for __rt_lib_init_lc_ctype_1
    libinit.o(.ARM.Collect$$libinit$$00000000) refers (Special) to libinit2.o(.ARM.Collect$$libinit$$00000013) for __rt_lib_init_lc_monetary_1
    libinit.o(.ARM.Collect$$libinit$$00000000) refers (Special) to libinit2.o(.ARM.Collect$$libinit$$00000015) for __rt_lib_init_lc_numeric_1
    libinit.o(.ARM.Collect$$libinit$$00000000) refers (Special) to libinit2.o(.ARM.Collect$$libinit$$00000017) for __rt_lib_init_lc_time_1
    libinit.o(.ARM.Collect$$libinit$$00000000) refers (Special) to libinit2.o(.ARM.Collect$$libinit$$0000000C) for __rt_lib_init_rand_1
    libinit.o(.ARM.Collect$$libinit$$00000000) refers (Special) to libinit2.o(.ARM.Collect$$libinit$$00000031) for __rt_lib_init_return
    libinit.o(.ARM.Collect$$libinit$$00000000) refers (Special) to libinit2.o(.ARM.Collect$$libinit$$0000001B) for __rt_lib_init_signal_1
    libinit.o(.ARM.Collect$$libinit$$00000000) refers (Special) to libinit2.o(.ARM.Collect$$libinit$$00000023) for __rt_lib_init_stdio_1
    libinit.o(.ARM.Collect$$libinit$$00000000) refers (Special) to libinit2.o(.ARM.Collect$$libinit$$0000000A) for __rt_lib_init_user_alloc_1
    libspace.o(.text) refers to libspace.o(.bss) for __libspace_start
    rtexit.o(.ARM.Collect$$rtexit$$00000000) refers (Special) to rtexit2.o(.ARM.Collect$$rtexit$$00000004) for __rt_exit_exit
    rtexit.o(.ARM.Collect$$rtexit$$00000000) refers (Special) to rtexit2.o(.ARM.Collect$$rtexit$$00000003) for __rt_exit_ls
    rtexit.o(.ARM.Collect$$rtexit$$00000000) refers (Special) to rtexit2.o(.ARM.Collect$$rtexit$$00000002) for __rt_exit_prels_1
    rtexit.o(.ARM.exidx) refers (Special) to rtexit2.o(.ARM.Collect$$rtexit$$00000004) for __rt_exit_exit
    rtexit.o(.ARM.exidx) refers (Special) to rtexit2.o(.ARM.Collect$$rtexit$$00000003) for __rt_exit_ls
    rtexit.o(.ARM.exidx) refers (Special) to rtexit2.o(.ARM.Collect$$rtexit$$00000002) for __rt_exit_prels_1
    rtexit.o(.ARM.exidx) refers to rtexit.o(.ARM.Collect$$rtexit$$00000000) for .ARM.Collect$$rtexit$$00000000
    libinit2.o(.ARM.Collect$$libinit$$0000000E) refers to libinit2.o(.ARM.Collect$$libinit$$0000000D) for .ARM.Collect$$libinit$$0000000D
    libinit2.o(.ARM.Collect$$libinit$$00000010) refers to libinit2.o(.ARM.Collect$$libinit$$0000000D) for .ARM.Collect$$libinit$$0000000D
    libinit2.o(.ARM.Collect$$libinit$$00000012) refers to libinit2.o(.ARM.Collect$$libinit$$0000000D) for .ARM.Collect$$libinit$$0000000D
    libinit2.o(.ARM.Collect$$libinit$$00000014) refers to libinit2.o(.ARM.Collect$$libinit$$0000000D) for .ARM.Collect$$libinit$$0000000D
    libinit2.o(.ARM.Collect$$libinit$$00000016) refers to libinit2.o(.ARM.Collect$$libinit$$0000000D) for .ARM.Collect$$libinit$$0000000D
    libinit2.o(.ARM.Collect$$libinit$$00000024) refers to argv_veneer.o(.emb_text) for __ARM_argv_veneer
    libinit2.o(.ARM.Collect$$libinit$$00000025) refers to argv_veneer.o(.emb_text) for __ARM_argv_veneer
    rtexit2.o(.ARM.Collect$$rtexit$$00000003) refers to libshutdown.o(.ARM.Collect$$libshutdown$$00000000) for __rt_lib_shutdown
    rtexit2.o(.ARM.Collect$$rtexit$$00000004) refers to sys_exit.o(.text) for _sys_exit
    rtexit2.o(.ARM.exidx) refers to rtexit2.o(.ARM.Collect$$rtexit$$00000001) for .ARM.Collect$$rtexit$$00000001
    rtexit2.o(.ARM.exidx) refers to rtexit2.o(.ARM.Collect$$rtexit$$00000003) for .ARM.Collect$$rtexit$$00000003
    rtexit2.o(.ARM.exidx) refers to rtexit2.o(.ARM.Collect$$rtexit$$00000004) for .ARM.Collect$$rtexit$$00000004
    argv_veneer.o(.emb_text) refers to no_argv.o(.text) for __ARM_get_argv
    sys_exit.o(.text) refers (Special) to use_no_semi.o(.text) for __I$use$semihosting
    sys_exit.o(.text) refers (Special) to indicate_semi.o(.text) for __semihosting_library_function
    _get_argv_nomalloc.o(.text) refers (Special) to hrguard.o(.text) for __heap_region$guard
    _get_argv_nomalloc.o(.text) refers to defsig_rtmem_outer.o(.text) for __rt_SIGRTMEM
    _get_argv_nomalloc.o(.text) refers to sys_command.o(.text) for _sys_command_string
    libshutdown.o(.ARM.Collect$$libshutdown$$00000000) refers (Special) to libshutdown2.o(.ARM.Collect$$libshutdown$$00000006) for __rt_lib_shutdown_fp_trap_1
    libshutdown.o(.ARM.Collect$$libshutdown$$00000000) refers (Special) to libshutdown2.o(.ARM.Collect$$libshutdown$$0000000E) for __rt_lib_shutdown_heap_1
    libshutdown.o(.ARM.Collect$$libshutdown$$00000000) refers (Special) to libshutdown2.o(.ARM.Collect$$libshutdown$$0000000F) for __rt_lib_shutdown_return
    libshutdown.o(.ARM.Collect$$libshutdown$$00000000) refers (Special) to libshutdown2.o(.ARM.Collect$$libshutdown$$00000009) for __rt_lib_shutdown_signal_1
    libshutdown.o(.ARM.Collect$$libshutdown$$00000000) refers (Special) to libshutdown2.o(.ARM.Collect$$libshutdown$$00000003) for __rt_lib_shutdown_stdio_1
    libshutdown.o(.ARM.Collect$$libshutdown$$00000000) refers (Special) to libshutdown2.o(.ARM.Collect$$libshutdown$$0000000B) for __rt_lib_shutdown_user_alloc_1
    sys_command.o(.text) refers (Special) to use_no_semi.o(.text) for __I$use$semihosting
    sys_command.o(.text) refers (Special) to indicate_semi.o(.text) for __semihosting_library_function
    defsig_rtmem_outer.o(.text) refers to defsig_rtmem_inner.o(.text) for __rt_SIGRTMEM_inner
    defsig_rtmem_outer.o(.text) refers to defsig_exit.o(.text) for __sig_exit
    defsig_rtmem_formal.o(.text) refers to rt_raise.o(.text) for __rt_raise
    rt_raise.o(.text) refers to __raise.o(.text) for __raise
    rt_raise.o(.text) refers to sys_exit.o(.text) for _sys_exit
    defsig_exit.o(.text) refers to sys_exit.o(.text) for _sys_exit
    defsig_rtmem_inner.o(.text) refers to defsig_general.o(.text) for __default_signal_display
    __raise.o(.text) refers to defsig.o(CL$$defsig) for __default_signal_handler
    defsig_general.o(.text) refers to sys_wrch.o(.text) for _ttywrch
    sys_wrch.o(.text) refers (Special) to use_no_semi.o(.text) for __I$use$semihosting
    sys_wrch.o(.text) refers (Special) to indicate_semi.o(.text) for __semihosting_library_function
    defsig.o(CL$$defsig) refers to defsig_rtmem_inner.o(.text) for __rt_SIGRTMEM_inner
    defsig_abrt_inner.o(.text) refers to defsig_general.o(.text) for __default_signal_display
    defsig_fpe_inner.o(.text) refers to defsig_general.o(.text) for __default_signal_display
    defsig_rtred_inner.o(.text) refers to defsig_general.o(.text) for __default_signal_display
    defsig_stak_inner.o(.text) refers to defsig_general.o(.text) for __default_signal_display
    defsig_pvfn_inner.o(.text) refers to defsig_general.o(.text) for __default_signal_display
    defsig_cppl_inner.o(.text) refers to defsig_general.o(.text) for __default_signal_display
    defsig_segv_inner.o(.text) refers to defsig_general.o(.text) for __default_signal_display
    defsig_other.o(.text) refers to defsig_general.o(.text) for __default_signal_display


==============================================================================

Removing Unused input sections from the image.

    Removing texas.o(i.SetMode), (24 bytes).
    Removing texas.o(i.StartTimer4), (36 bytes).
    Removing texas.o(i.StopTimer4), (24 bytes).
    Removing texas.o(i.TExaS_Stop), (28 bytes).
    Removing texas.o(i.UART0_InChar), (24 bytes).
    Removing texas.o(i.UART0_InCharNonBlocking), (28 bytes).
    Removing texas.o(i.UART0_OutChar), (24 bytes).
    Removing texas.o(i.UART0_OutCharNonBlock), (12 bytes).
    Removing texas.o(i.copy), (18 bytes).
    Removing main.o(.constdata), (480 bytes).
    Removing gpio_program.o(i.GPIO_vidDisableInterrupt), (140 bytes).
    Removing gpio_program.o(i.GPIO_vidLock), (88 bytes).
    Removing gpio_program.o(i.GPIO_vidSelectAlterFunction), (200 bytes).
    Removing gpio_program.o(i.GPIO_vidSetPinValue), (280 bytes).
    Removing gpio_program.o(i.GPIO_vidTogglePin), (152 bytes).
    Removing nvic_program.o(i.NVIC_vidClearPendingFlag), (44 bytes).
    Removing nvic_program.o(i.NVIC_vidDisableInterrupt), (44 bytes).
    Removing uart.o(i.UART_ConvertDistance), (2 bytes).
    Removing uart.o(i.UART_ConvertUDec), (28 bytes).
    Removing uart.o(i.UART_InCharNonBlocking), (28 bytes).
    Removing uart.o(i.UART_InUDec), (76 bytes).
    Removing uart.o(i.UART_OutDistance), (24 bytes).
    Removing uart.o(i.UART_OutUDec), (12 bytes).
    Removing uart.o(.bss), (10 bytes).
    Removing nokia5110.o(i.Nokia5110_ClearPixel), (68 bytes).
    Removing nokia5110.o(i.Nokia5110_SetPixel), (68 bytes).

26 unused section(s) (total 1962 bytes) removed from the image.

==============================================================================

Image Symbol Table

    Local Symbols

    Symbol Name                              Value     Ov Type        Size  Object(Section)

    RESET                                    0x00000000   Section      644  startup.o(RESET)
    ../clib/angel/boardlib.s                 0x00000000   Number         0  boardinit1.o ABSOLUTE
    ../clib/angel/boardlib.s                 0x00000000   Number         0  boardinit2.o ABSOLUTE
    ../clib/angel/boardlib.s                 0x00000000   Number         0  boardinit3.o ABSOLUTE
    ../clib/angel/boardlib.s                 0x00000000   Number         0  boardshut.o ABSOLUTE
    ../clib/angel/handlers.s                 0x00000000   Number         0  __scatter_zi.o ABSOLUTE
    ../clib/angel/handlers.s                 0x00000000   Number         0  __scatter_copy.o ABSOLUTE
    ../clib/angel/kernel.s                   0x00000000   Number         0  rtentry2.o ABSOLUTE
    ../clib/angel/kernel.s                   0x00000000   Number         0  rtentry.o ABSOLUTE
    ../clib/angel/kernel.s                   0x00000000   Number         0  rtexit.o ABSOLUTE
    ../clib/angel/kernel.s                   0x00000000   Number         0  rtentry4.o ABSOLUTE
    ../clib/angel/kernel.s                   0x00000000   Number         0  rtexit2.o ABSOLUTE
    ../clib/angel/rt.s                       0x00000000   Number         0  rt_raise.o ABSOLUTE
    ../clib/angel/scatter.s                  0x00000000   Number         0  __scatter.o ABSOLUTE
    ../clib/angel/startup.s                  0x00000000   Number         0  __main.o ABSOLUTE
    ../clib/angel/sys.s                      0x00000000   Number         0  sys_stackheap_outer.o ABSOLUTE
    ../clib/angel/sys.s                      0x00000000   Number         0  indicate_semi.o ABSOLUTE
    ../clib/angel/sys.s                      0x00000000   Number         0  use_no_semi.o ABSOLUTE
    ../clib/angel/sys.s                      0x00000000   Number         0  libspace.o ABSOLUTE
    ../clib/angel/sysapp.c                   0x00000000   Number         0  sys_command.o ABSOLUTE
    ../clib/angel/sysapp.c                   0x00000000   Number         0  sys_wrch.o ABSOLUTE
    ../clib/angel/sysapp.c                   0x00000000   Number         0  sys_exit.o ABSOLUTE
    ../clib/armsys.c                         0x00000000   Number         0  no_argv.o ABSOLUTE
    ../clib/armsys.c                         0x00000000   Number         0  _get_argv_nomalloc.o ABSOLUTE
    ../clib/armsys.c                         0x00000000   Number         0  argv_veneer.o ABSOLUTE
    ../clib/armsys.c                         0x00000000   Number         0  argv_veneer.o ABSOLUTE
    ../clib/heapalloc.c                      0x00000000   Number         0  hrguard.o ABSOLUTE
    ../clib/heapaux.c                        0x00000000   Number         0  heapauxi.o ABSOLUTE
    ../clib/libinit.s                        0x00000000   Number         0  libshutdown2.o ABSOLUTE
    ../clib/libinit.s                        0x00000000   Number         0  libinit2.o ABSOLUTE
    ../clib/libinit.s                        0x00000000   Number         0  libinit.o ABSOLUTE
    ../clib/libinit.s                        0x00000000   Number         0  libshutdown.o ABSOLUTE
    ../clib/signal.c                         0x00000000   Number         0  defsig_other.o ABSOLUTE
    ../clib/signal.c                         0x00000000   Number         0  defsig_rtmem_outer.o ABSOLUTE
    ../clib/signal.c                         0x00000000   Number         0  defsig_segv_inner.o ABSOLUTE
    ../clib/signal.c                         0x00000000   Number         0  defsig_cppl_inner.o ABSOLUTE
    ../clib/signal.c                         0x00000000   Number         0  defsig_pvfn_inner.o ABSOLUTE
    ../clib/signal.c                         0x00000000   Number         0  defsig_stak_inner.o ABSOLUTE
    ../clib/signal.c                         0x00000000   Number         0  defsig_rtred_inner.o ABSOLUTE
    ../clib/signal.c                         0x00000000   Number         0  defsig_fpe_inner.o ABSOLUTE
    ../clib/signal.c                         0x00000000   Number         0  defsig_abrt_inner.o ABSOLUTE
    ../clib/signal.c                         0x00000000   Number         0  __raise.o ABSOLUTE
    ../clib/signal.c                         0x00000000   Number         0  defsig_rtmem_inner.o ABSOLUTE
    ../clib/signal.c                         0x00000000   Number         0  defsig_exit.o ABSOLUTE
    ../clib/signal.c                         0x00000000   Number         0  defsig_rtmem_formal.o ABSOLUTE
    ../clib/signal.c                         0x00000000   Number         0  defsig_general.o ABSOLUTE
    ../clib/signal.s                         0x00000000   Number         0  defsig.o ABSOLUTE
    ../clib/stdlib.c                         0x00000000   Number         0  exit.o ABSOLUTE
    ../fplib/fpinit.s                        0x00000000   Number         0  fpinit.o ABSOLUTE
    XO Game.c                                0x00000000   Number         0  xo game.o ABSOLUTE
    dc.s                                     0x00000000   Number         0  dc.o ABSOLUTE
    drivers\ADC\ADC.c                        0x00000000   Number         0  adc.o ABSOLUTE
    drivers\GPIO\GPIO_program.c              0x00000000   Number         0  gpio_program.o ABSOLUTE
    drivers\LED\LED.c                        0x00000000   Number         0  led.o ABSOLUTE
    drivers\NOKIA5110\Nokia5110.c            0x00000000   Number         0  nokia5110.o ABSOLUTE
    drivers\NVIC\NVIC_program.c              0x00000000   Number         0  nvic_program.o ABSOLUTE
    drivers\TExaS.c                          0x00000000   Number         0  texas.o ABSOLUTE
    drivers\TIMER\Timer.c                    0x00000000   Number         0  timer.o ABSOLUTE
    drivers\UART\UART.c                      0x00000000   Number         0  uart.o ABSOLUTE
    drivers\startup.s                        0x00000000   Number         0  startup.o ABSOLUTE
    main.c                                   0x00000000   Number         0  main.o ABSOLUTE
    !!!main                                  0x00000284   Section        8  __main.o(!!!main)
    !!!scatter                               0x0000028c   Section       52  __scatter.o(!!!scatter)
    !!handler_copy                           0x000002c0   Section       26  __scatter_copy.o(!!handler_copy)
    !!handler_zi                             0x000002dc   Section       28  __scatter_zi.o(!!handler_zi)
    .ARM.Collect$$libinit$$00000000          0x000002f8   Section        2  libinit.o(.ARM.Collect$$libinit$$00000000)
    .ARM.Collect$$libinit$$00000002          0x000002fa   Section        0  libinit2.o(.ARM.Collect$$libinit$$00000002)
    .ARM.Collect$$libinit$$00000008          0x000002fa   Section        0  libinit2.o(.ARM.Collect$$libinit$$00000008)
    .ARM.Collect$$libinit$$0000000A          0x000002fa   Section        0  libinit2.o(.ARM.Collect$$libinit$$0000000A)
    .ARM.Collect$$libinit$$0000000C          0x000002fa   Section        0  libinit2.o(.ARM.Collect$$libinit$$0000000C)
    .ARM.Collect$$libinit$$0000000F          0x000002fa   Section        0  libinit2.o(.ARM.Collect$$libinit$$0000000F)
    .ARM.Collect$$libinit$$00000011          0x000002fa   Section        0  libinit2.o(.ARM.Collect$$libinit$$00000011)
    .ARM.Collect$$libinit$$00000013          0x000002fa   Section        0  libinit2.o(.ARM.Collect$$libinit$$00000013)
    .ARM.Collect$$libinit$$00000015          0x000002fa   Section        0  libinit2.o(.ARM.Collect$$libinit$$00000015)
    .ARM.Collect$$libinit$$00000017          0x000002fa   Section        0  libinit2.o(.ARM.Collect$$libinit$$00000017)
    .ARM.Collect$$libinit$$00000019          0x000002fa   Section        0  libinit2.o(.ARM.Collect$$libinit$$00000019)
    .ARM.Collect$$libinit$$0000001B          0x000002fa   Section        0  libinit2.o(.ARM.Collect$$libinit$$0000001B)
    .ARM.Collect$$libinit$$0000001D          0x000002fa   Section        0  libinit2.o(.ARM.Collect$$libinit$$0000001D)
    .ARM.Collect$$libinit$$0000001F          0x000002fa   Section        0  libinit2.o(.ARM.Collect$$libinit$$0000001F)
    .ARM.Collect$$libinit$$00000021          0x000002fa   Section        0  libinit2.o(.ARM.Collect$$libinit$$00000021)
    .ARM.Collect$$libinit$$00000023          0x000002fa   Section        0  libinit2.o(.ARM.Collect$$libinit$$00000023)
    .ARM.Collect$$libinit$$0000002A          0x000002fa   Section        0  libinit2.o(.ARM.Collect$$libinit$$0000002A)
    .ARM.Collect$$libinit$$0000002C          0x000002fa   Section        0  libinit2.o(.ARM.Collect$$libinit$$0000002C)
    .ARM.Collect$$libinit$$0000002E          0x000002fa   Section        0  libinit2.o(.ARM.Collect$$libinit$$0000002E)
    .ARM.Collect$$libinit$$00000030          0x000002fa   Section        0  libinit2.o(.ARM.Collect$$libinit$$00000030)
    .ARM.Collect$$libinit$$00000031          0x000002fa   Section        2  libinit2.o(.ARM.Collect$$libinit$$00000031)
    .ARM.Collect$$libshutdown$$00000000      0x000002fc   Section        2  libshutdown.o(.ARM.Collect$$libshutdown$$00000000)
    .ARM.Collect$$libshutdown$$00000003      0x000002fe   Section        0  libshutdown2.o(.ARM.Collect$$libshutdown$$00000003)
    .ARM.Collect$$libshutdown$$00000006      0x000002fe   Section        0  libshutdown2.o(.ARM.Collect$$libshutdown$$00000006)
    .ARM.Collect$$libshutdown$$00000009      0x000002fe   Section        0  libshutdown2.o(.ARM.Collect$$libshutdown$$00000009)
    .ARM.Collect$$libshutdown$$0000000B      0x000002fe   Section        0  libshutdown2.o(.ARM.Collect$$libshutdown$$0000000B)
    .ARM.Collect$$libshutdown$$0000000E      0x000002fe   Section        0  libshutdown2.o(.ARM.Collect$$libshutdown$$0000000E)
    .ARM.Collect$$libshutdown$$0000000F      0x000002fe   Section        2  libshutdown2.o(.ARM.Collect$$libshutdown$$0000000F)
    .ARM.Collect$$rtentry$$00000000          0x00000300   Section        0  rtentry.o(.ARM.Collect$$rtentry$$00000000)
    .ARM.Collect$$rtentry$$00000002          0x00000300   Section        0  rtentry2.o(.ARM.Collect$$rtentry$$00000002)
    .ARM.Collect$$rtentry$$00000004          0x00000300   Section        6  rtentry4.o(.ARM.Collect$$rtentry$$00000004)
    .ARM.Collect$$rtentry$$00000009          0x00000306   Section        0  rtentry2.o(.ARM.Collect$$rtentry$$00000009)
    .ARM.Collect$$rtentry$$0000000A          0x00000306   Section        4  rtentry2.o(.ARM.Collect$$rtentry$$0000000A)
    .ARM.Collect$$rtentry$$0000000C          0x0000030a   Section        0  rtentry2.o(.ARM.Collect$$rtentry$$0000000C)
    .ARM.Collect$$rtentry$$0000000D          0x0000030a   Section        8  rtentry2.o(.ARM.Collect$$rtentry$$0000000D)
    .ARM.Collect$$rtexit$$00000000           0x00000312   Section        2  rtexit.o(.ARM.Collect$$rtexit$$00000000)
    .ARM.Collect$$rtexit$$00000002           0x00000314   Section        0  rtexit2.o(.ARM.Collect$$rtexit$$00000002)
    .ARM.Collect$$rtexit$$00000003           0x00000314   Section        4  rtexit2.o(.ARM.Collect$$rtexit$$00000003)
    .ARM.Collect$$rtexit$$00000004           0x00000318   Section        6  rtexit2.o(.ARM.Collect$$rtexit$$00000004)
    .text                                    0x00000320   Section       48  startup.o(.text)
    .text                                    0x00000350   Section        0  heapauxi.o(.text)
    .text                                    0x00000356   Section       74  sys_stackheap_outer.o(.text)
    .text                                    0x000003a0   Section        0  exit.o(.text)
    .text                                    0x000003ac   Section        8  libspace.o(.text)
    .text                                    0x000003b4   Section        0  sys_exit.o(.text)
    .text                                    0x000003c0   Section        2  use_no_semi.o(.text)
    .text                                    0x000003c2   Section        0  indicate_semi.o(.text)
    i.ADC1_In                                0x000003c4   Section        0  texas.o(i.ADC1_In)
    i.ADC1_Init                              0x000003d0   Section        0  texas.o(i.ADC1_Init)
    i.ADC_Init                               0x000004a4   Section        0  adc.o(i.ADC_Init)
    i.CheckMode                              0x00000564   Section        0  xo game.o(i.CheckMode)
    i.CheckPlayAgain                         0x000005e4   Section        0  xo game.o(i.CheckPlayAgain)
    i.Clear_Led                              0x00000668   Section        0  led.o(i.Clear_Led)
    i.Display_Winner                         0x00000688   Section        0  xo game.o(i.Display_Winner)
    i.DrawGrid                               0x00000750   Section        0  xo game.o(i.DrawGrid)
    i.EndGame                                0x000008ac   Section        0  xo game.o(i.EndGame)
    i.GPIOPortF_Handler                      0x000008b4   Section        0  main.o(i.GPIOPortF_Handler)
    i.GPIO_enuReadPinValue                   0x000009b0   Section        0  gpio_program.o(i.GPIO_enuReadPinValue)
    i.GPIO_vidClearInterrupt                 0x00000a28   Section        0  gpio_program.o(i.GPIO_vidClearInterrupt)
    i.GPIO_vidEnableInterrupt                0x00000ab4   Section        0  gpio_program.o(i.GPIO_vidEnableInterrupt)
    i.GPIO_vidInterruptBothEdges             0x00000b40   Section        0  gpio_program.o(i.GPIO_vidInterruptBothEdges)
    i.GPIO_vidSelectInterruptEvent           0x00000c44   Section        0  gpio_program.o(i.GPIO_vidSelectInterruptEvent)
    i.GPIO_vidSelectInterruptSense           0x00000d48   Section        0  gpio_program.o(i.GPIO_vidSelectInterruptSense)
    i.GPIO_vidSetPUR                         0x00000e40   Section        0  gpio_program.o(i.GPIO_vidSetPUR)
    i.GPIO_vidSetPinDigEnable                0x00000f48   Section        0  gpio_program.o(i.GPIO_vidSetPinDigEnable)
    i.GPIO_vidSetPinDirection                0x0000104c   Section        0  gpio_program.o(i.GPIO_vidSetPinDirection)
    i.GPIO_vidUnlock                         0x00001150   Section        0  gpio_program.o(i.GPIO_vidUnlock)
    i.GameReset                              0x000011ac   Section        0  xo game.o(i.GameReset)
    i.Intro                                  0x000011f0   Section        0  xo game.o(i.Intro)
    i.NVIC_vidEnableInterrupt                0x00001288   Section        0  nvic_program.o(i.NVIC_vidEnableInterrupt)
    i.NVIC_vidSetPendingFlag                 0x000012b4   Section        0  nvic_program.o(i.NVIC_vidSetPendingFlag)
    i.Nokia5110_Clear                        0x000012e0   Section        0  nokia5110.o(i.Nokia5110_Clear)
    i.Nokia5110_ClearBuffer                  0x00001300   Section        0  nokia5110.o(i.Nokia5110_ClearBuffer)
    i.Nokia5110_DisplayBuffer                0x00001318   Section        0  nokia5110.o(i.Nokia5110_DisplayBuffer)
    i.Nokia5110_DrawFullImage                0x00001328   Section        0  nokia5110.o(i.Nokia5110_DrawFullImage)
    i.Nokia5110_Init                         0x0000134c   Section        0  nokia5110.o(i.Nokia5110_Init)
    i.Nokia5110_OutChar                      0x000014b8   Section        0  nokia5110.o(i.Nokia5110_OutChar)
    i.Nokia5110_OutString                    0x000014f0   Section        0  nokia5110.o(i.Nokia5110_OutString)
    i.Nokia5110_OutUDec                      0x00001508   Section        0  nokia5110.o(i.Nokia5110_OutUDec)
    i.Nokia5110_PrintBMP                     0x000016a4   Section        0  nokia5110.o(i.Nokia5110_PrintBMP)
    i.Nokia5110_SetCursor                    0x0000184c   Section        0  nokia5110.o(i.Nokia5110_SetCursor)
    i.PLL_Init                               0x0000187c   Section        0  texas.o(i.PLL_Init)
    i.PortB_Init                             0x000018f8   Section        0  gpio_program.o(i.PortB_Init)
    i.PortF_Init                             0x0000196c   Section        0  gpio_program.o(i.PortF_Init)
    i.SetCode                                0x000019cc   Section        0  texas.o(i.SetCode)
    i.SetCourse                              0x000019e4   Section        0  texas.o(i.SetCourse)
    i.Set_Led                                0x000019fc   Section        0  led.o(i.Set_Led)
    i.StartGame                              0x00001a1c   Section        0  xo game.o(i.StartGame)
    i.TExaS_Init                             0x000022f4   Section        0  texas.o(i.TExaS_Init)
    i.Timer2_delay                           0x000024b8   Section        0  timer.o(i.Timer2_delay)
    i.Timer4A_Handler                        0x00002524   Section        0  texas.o(i.Timer4A_Handler)
    i.Timer5A_Handler                        0x00002544   Section        0  texas.o(i.Timer5A_Handler)
    i.ToggleLED                              0x00002574   Section        0  led.o(i.ToggleLED)
    i.UART0_Init                             0x000025dc   Section        0  texas.o(i.UART0_Init)
    i.UART_InChar                            0x0000269c   Section        0  uart.o(i.UART_InChar)
    i.UART_Init                              0x000026b4   Section        0  uart.o(i.UART_Init)
    i.UART_OutChar                           0x0000274c   Section        0  uart.o(i.UART_OutChar)
    i.UART_OutString                         0x00002764   Section        0  uart.o(i.UART_OutString)
    i.animation                              0x0000277c   Section        0  xo game.o(i.animation)
    i.checkWinner                            0x000028fc   Section        0  xo game.o(i.checkWinner)
    i.displayDraw                            0x00002cd8   Section        0  xo game.o(i.displayDraw)
    i.displayPlayer                          0x00002d3c   Section        0  xo game.o(i.displayPlayer)
    i.lcdwrite                               0x00002d78   Section        0  nokia5110.o(i.lcdwrite)
    lcdwrite                                 0x00002d79   Thumb Code    66  nokia5110.o(i.lcdwrite)
    i.main                                   0x00002dc4   Section        0  main.o(i.main)
    i.vidButtonsInit                         0x00002f38   Section        0  main.o(i.vidButtonsInit)
    .constdata                               0x000030b8   Section     6527  xo game.o(.constdata)
    ASCII                                    0x000030b8   Data         480  xo game.o(.constdata)
    .constdata                               0x00004a37   Section      360  texas.o(.constdata)
    .constdata                               0x00004b9f   Section      480  nokia5110.o(.constdata)
    ASCII                                    0x00004b9f   Data         480  nokia5110.o(.constdata)
    .data                                    0x20000000   Section       24  xo game.o(.data)
    .data                                    0x20000018   Section       52  texas.o(.data)
    .data                                    0x2000004c   Section       10  main.o(.data)
    .data                                    0x20000058   Section        4  gpio_program.o(.data)
    .data                                    0x2000005c   Section        8  timer.o(.data)
    .data                                    0x20000064   Section        4  led.o(.data)
    .data                                    0x20000068   Section        4  adc.o(.data)
    .bss                                     0x2000006c   Section        9  xo game.o(.bss)
    .bss                                     0x20000078   Section       56  texas.o(.bss)
    .bss                                     0x200000b0   Section      504  nokia5110.o(.bss)
    .bss                                     0x200002a8   Section       96  libspace.o(.bss)
    HEAP                                     0x20000308   Section        0  startup.o(HEAP)
    STACK                                    0x20000308   Section     1024  startup.o(STACK)
    HeapMem                                  0x20000308   Data           0  startup.o(HEAP)
    StackMem                                 0x20000308   Data           0  startup.o(STACK)

    Global Symbols

    Symbol Name                              Value     Ov Type        Size  Object(Section)

    BuildAttributes$$THM_ISAv4$E$P$D$K$B$S$7EM$PE$A:L22UL41UL21$X:L11$S22US41US21$IEEE1$IW$USESV6$~STKCKD$USESV7$~SHL$OSPACE$ROPI$EBA8$UX$STANDARDLIB$REQ8$PRES8$EABIv2 0x00000000   Number         0  anon$$obj.o ABSOLUTE
    __ARM_use_no_argv                        0x00000000   Number         0  main.o ABSOLUTE
    __Vectors                                0x00000000   Data           0  startup.o(RESET)
    __ARM_exceptions_init                     - Undefined Weak Reference
    __alloca_initialize                       - Undefined Weak Reference
    __cpp_initialize__aeabi_                  - Undefined Weak Reference
    __cxa_finalize                            - Undefined Weak Reference
    __rt_locale                               - Undefined Weak Reference
    __sigvec_lookup                           - Undefined Weak Reference
    _atexit_init                              - Undefined Weak Reference
    _call_atexit_fns                          - Undefined Weak Reference
    _clock_init                               - Undefined Weak Reference
    _fp_trap_init                             - Undefined Weak Reference
    _fp_trap_shutdown                         - Undefined Weak Reference
    _get_lc_collate                           - Undefined Weak Reference
    _get_lc_ctype                             - Undefined Weak Reference
    _get_lc_monetary                          - Undefined Weak Reference
    _get_lc_numeric                           - Undefined Weak Reference
    _get_lc_time                              - Undefined Weak Reference
    _getenv_init                              - Undefined Weak Reference
    _handle_redirection                       - Undefined Weak Reference
    _init_alloc                               - Undefined Weak Reference
    _init_user_alloc                          - Undefined Weak Reference
    _initio                                   - Undefined Weak Reference
    _rand_init                                - Undefined Weak Reference
    _signal_finish                            - Undefined Weak Reference
    _signal_init                              - Undefined Weak Reference
    _terminate_alloc                          - Undefined Weak Reference
    _terminate_user_alloc                     - Undefined Weak Reference
    _terminateio                              - Undefined Weak Reference
    Reset_Handler                            0x0000026d   Thumb Code     0  startup.o(RESET)
    NMI_Handler                              0x00000271   Thumb Code     2  startup.o(RESET)
    HardFault_Handler                        0x00000273   Thumb Code     2  startup.o(RESET)
    MemManage_Handler                        0x00000275   Thumb Code     2  startup.o(RESET)
    BusFault_Handler                         0x00000277   Thumb Code     2  startup.o(RESET)
    UsageFault_Handler                       0x00000279   Thumb Code     2  startup.o(RESET)
    SVC_Handler                              0x0000027b   Thumb Code     2  startup.o(RESET)
    DebugMon_Handler                         0x0000027d   Thumb Code     2  startup.o(RESET)
    PendSV_Handler                           0x0000027f   Thumb Code     2  startup.o(RESET)
    SysTick_Handler                          0x00000281   Thumb Code     2  startup.o(RESET)
    ADC0Seq0_Handler                         0x00000283   Thumb Code     0  startup.o(RESET)
    ADC0Seq1_Handler                         0x00000283   Thumb Code     0  startup.o(RESET)
    ADC0Seq2_Handler                         0x00000283   Thumb Code     0  startup.o(RESET)
    ADC0Seq3_Handler                         0x00000283   Thumb Code     0  startup.o(RESET)
    ADC1Seq0_Handler                         0x00000283   Thumb Code     0  startup.o(RESET)
    ADC1Seq1_Handler                         0x00000283   Thumb Code     0  startup.o(RESET)
    ADC1Seq2_Handler                         0x00000283   Thumb Code     0  startup.o(RESET)
    ADC1Seq3_Handler                         0x00000283   Thumb Code     0  startup.o(RESET)
    CAN0_Handler                             0x00000283   Thumb Code     0  startup.o(RESET)
    CAN1_Handler                             0x00000283   Thumb Code     0  startup.o(RESET)
    CAN2_Handler                             0x00000283   Thumb Code     0  startup.o(RESET)
    Comp0_Handler                            0x00000283   Thumb Code     0  startup.o(RESET)
    Comp1_Handler                            0x00000283   Thumb Code     0  startup.o(RESET)
    Comp2_Handler                            0x00000283   Thumb Code     0  startup.o(RESET)
    Ethernet_Handler                         0x00000283   Thumb Code     0  startup.o(RESET)
    ExtBus_Handler                           0x00000283   Thumb Code     0  startup.o(RESET)
    FPU_Handler                              0x00000283   Thumb Code     0  startup.o(RESET)
    Fan0_Handler                             0x00000283   Thumb Code     0  startup.o(RESET)
    FlashCtl_Handler                         0x00000283   Thumb Code     0  startup.o(RESET)
    GPIOPortA_Handler                        0x00000283   Thumb Code     0  startup.o(RESET)
    GPIOPortB_Handler                        0x00000283   Thumb Code     0  startup.o(RESET)
    GPIOPortC_Handler                        0x00000283   Thumb Code     0  startup.o(RESET)
    GPIOPortD_Handler                        0x00000283   Thumb Code     0  startup.o(RESET)
    GPIOPortE_Handler                        0x00000283   Thumb Code     0  startup.o(RESET)
    GPIOPortG_Handler                        0x00000283   Thumb Code     0  startup.o(RESET)
    GPIOPortH_Handler                        0x00000283   Thumb Code     0  startup.o(RESET)
    GPIOPortJ_Handler                        0x00000283   Thumb Code     0  startup.o(RESET)
    GPIOPortK_Handler                        0x00000283   Thumb Code     0  startup.o(RESET)
    GPIOPortL_Handler                        0x00000283   Thumb Code     0  startup.o(RESET)
    GPIOPortM_Handler                        0x00000283   Thumb Code     0  startup.o(RESET)
    GPIOPortN_Handler                        0x00000283   Thumb Code     0  startup.o(RESET)
    GPIOPortP1_Handler                       0x00000283   Thumb Code     0  startup.o(RESET)
    GPIOPortP2_Handler                       0x00000283   Thumb Code     0  startup.o(RESET)
    GPIOPortP3_Handler                       0x00000283   Thumb Code     0  startup.o(RESET)
    GPIOPortP4_Handler                       0x00000283   Thumb Code     0  startup.o(RESET)
    GPIOPortP5_Handler                       0x00000283   Thumb Code     0  startup.o(RESET)
    GPIOPortP6_Handler                       0x00000283   Thumb Code     0  startup.o(RESET)
    GPIOPortP7_Handler                       0x00000283   Thumb Code     0  startup.o(RESET)
    GPIOPortP_Handler                        0x00000283   Thumb Code     0  startup.o(RESET)
    GPIOPortQ1_Handler                       0x00000283   Thumb Code     0  startup.o(RESET)
    GPIOPortQ2_Handler                       0x00000283   Thumb Code     0  startup.o(RESET)
    GPIOPortQ3_Handler                       0x00000283   Thumb Code     0  startup.o(RESET)
    GPIOPortQ4_Handler                       0x00000283   Thumb Code     0  startup.o(RESET)
    GPIOPortQ5_Handler                       0x00000283   Thumb Code     0  startup.o(RESET)
    GPIOPortQ6_Handler                       0x00000283   Thumb Code     0  startup.o(RESET)
    GPIOPortQ7_Handler                       0x00000283   Thumb Code     0  startup.o(RESET)
    GPIOPortQ_Handler                        0x00000283   Thumb Code     0  startup.o(RESET)
    GPIOPortR_Handler                        0x00000283   Thumb Code     0  startup.o(RESET)
    GPIOPortS_Handler                        0x00000283   Thumb Code     0  startup.o(RESET)
    Hibernate_Handler                        0x00000283   Thumb Code     0  startup.o(RESET)
    I2C0_Handler                             0x00000283   Thumb Code     0  startup.o(RESET)
    I2C1_Handler                             0x00000283   Thumb Code     0  startup.o(RESET)
    I2C2_Handler                             0x00000283   Thumb Code     0  startup.o(RESET)
    I2C3_Handler                             0x00000283   Thumb Code     0  startup.o(RESET)
    I2C4_Handler                             0x00000283   Thumb Code     0  startup.o(RESET)
    I2C5_Handler                             0x00000283   Thumb Code     0  startup.o(RESET)
    I2S0_Handler                             0x00000283   Thumb Code     0  startup.o(RESET)
    LPC0_Handler                             0x00000283   Thumb Code     0  startup.o(RESET)
    PECI0_Handler                            0x00000283   Thumb Code     0  startup.o(RESET)
    PWM0Fault_Handler                        0x00000283   Thumb Code     0  startup.o(RESET)
    PWM0Generator0_Handler                   0x00000283   Thumb Code     0  startup.o(RESET)
    PWM0Generator1_Handler                   0x00000283   Thumb Code     0  startup.o(RESET)
    PWM0Generator2_Handler                   0x00000283   Thumb Code     0  startup.o(RESET)
    PWM0Generator3_Handler                   0x00000283   Thumb Code     0  startup.o(RESET)
    PWM1Fault_Handler                        0x00000283   Thumb Code     0  startup.o(RESET)
    PWM1Generator0_Handler                   0x00000283   Thumb Code     0  startup.o(RESET)
    PWM1Generator1_Handler                   0x00000283   Thumb Code     0  startup.o(RESET)
    PWM1Generator2_Handler                   0x00000283   Thumb Code     0  startup.o(RESET)
    PWM1Generator3_Handler                   0x00000283   Thumb Code     0  startup.o(RESET)
    Quadrature0_Handler                      0x00000283   Thumb Code     0  startup.o(RESET)
    Quadrature1_Handler                      0x00000283   Thumb Code     0  startup.o(RESET)
    Quadrature2_Handler                      0x00000283   Thumb Code     0  startup.o(RESET)
    SSI0_Handler                             0x00000283   Thumb Code     0  startup.o(RESET)
    SSI1_Handler                             0x00000283   Thumb Code     0  startup.o(RESET)
    SSI2_Handler                             0x00000283   Thumb Code     0  startup.o(RESET)
    SSI3_Handler                             0x00000283   Thumb Code     0  startup.o(RESET)
    SysCtl_Handler                           0x00000283   Thumb Code     0  startup.o(RESET)
    Timer0A_Handler                          0x00000283   Thumb Code     0  startup.o(RESET)
    Timer0B_Handler                          0x00000283   Thumb Code     0  startup.o(RESET)
    Timer1A_Handler                          0x00000283   Thumb Code     0  startup.o(RESET)
    Timer1B_Handler                          0x00000283   Thumb Code     0  startup.o(RESET)
    Timer2A_Handler                          0x00000283   Thumb Code     0  startup.o(RESET)
    Timer2B_Handler                          0x00000283   Thumb Code     0  startup.o(RESET)
    Timer3A_Handler                          0x00000283   Thumb Code     0  startup.o(RESET)
    Timer3B_Handler                          0x00000283   Thumb Code     0  startup.o(RESET)
    Timer4B_Handler                          0x00000283   Thumb Code     0  startup.o(RESET)
    Timer5B_Handler                          0x00000283   Thumb Code     0  startup.o(RESET)
    UART0_Handler                            0x00000283   Thumb Code     0  startup.o(RESET)
    UART1_Handler                            0x00000283   Thumb Code     0  startup.o(RESET)
    UART2_Handler                            0x00000283   Thumb Code     0  startup.o(RESET)
    UART3_Handler                            0x00000283   Thumb Code     0  startup.o(RESET)
    UART4_Handler                            0x00000283   Thumb Code     0  startup.o(RESET)
    UART5_Handler                            0x00000283   Thumb Code     0  startup.o(RESET)
    UART6_Handler                            0x00000283   Thumb Code     0  startup.o(RESET)
    UART7_Handler                            0x00000283   Thumb Code     0  startup.o(RESET)
    USB0_Handler                             0x00000283   Thumb Code     0  startup.o(RESET)
    WDT_Handler                              0x00000283   Thumb Code     0  startup.o(RESET)
    WideTimer0A_Handler                      0x00000283   Thumb Code     0  startup.o(RESET)
    WideTimer0B_Handler                      0x00000283   Thumb Code     0  startup.o(RESET)
    WideTimer1A_Handler                      0x00000283   Thumb Code     0  startup.o(RESET)
    WideTimer1B_Handler                      0x00000283   Thumb Code     0  startup.o(RESET)
    WideTimer2A_Handler                      0x00000283   Thumb Code     0  startup.o(RESET)
    WideTimer2B_Handler                      0x00000283   Thumb Code     0  startup.o(RESET)
    WideTimer3A_Handler                      0x00000283   Thumb Code     0  startup.o(RESET)
    WideTimer3B_Handler                      0x00000283   Thumb Code     0  startup.o(RESET)
    WideTimer4A_Handler                      0x00000283   Thumb Code     0  startup.o(RESET)
    WideTimer4B_Handler                      0x00000283   Thumb Code     0  startup.o(RESET)
    WideTimer5A_Handler                      0x00000283   Thumb Code     0  startup.o(RESET)
    WideTimer5B_Handler                      0x00000283   Thumb Code     0  startup.o(RESET)
    uDMA_Error                               0x00000283   Thumb Code     0  startup.o(RESET)
    uDMA_Handler                             0x00000283   Thumb Code     0  startup.o(RESET)
    __main                                   0x00000285   Thumb Code     8  __main.o(!!!main)
    __scatterload                            0x0000028d   Thumb Code     0  __scatter.o(!!!scatter)
    __scatterload_rt2                        0x0000028d   Thumb Code    44  __scatter.o(!!!scatter)
    __scatterload_rt2_thumb_only             0x0000028d   Thumb Code     0  __scatter.o(!!!scatter)
    __scatterload_null                       0x0000029b   Thumb Code     0  __scatter.o(!!!scatter)
    __scatterload_copy                       0x000002c1   Thumb Code    26  __scatter_copy.o(!!handler_copy)
    __scatterload_zeroinit                   0x000002dd   Thumb Code    28  __scatter_zi.o(!!handler_zi)
    __rt_lib_init                            0x000002f9   Thumb Code     0  libinit.o(.ARM.Collect$$libinit$$00000000)
    __rt_lib_init_alloca_1                   0x000002fb   Thumb Code     0  libinit2.o(.ARM.Collect$$libinit$$0000002C)
    __rt_lib_init_argv_1                     0x000002fb   Thumb Code     0  libinit2.o(.ARM.Collect$$libinit$$0000002A)
    __rt_lib_init_atexit_1                   0x000002fb   Thumb Code     0  libinit2.o(.ARM.Collect$$libinit$$00000019)
    __rt_lib_init_clock_1                    0x000002fb   Thumb Code     0  libinit2.o(.ARM.Collect$$libinit$$0000001F)
    __rt_lib_init_cpp_1                      0x000002fb   Thumb Code     0  libinit2.o(.ARM.Collect$$libinit$$00000030)
    __rt_lib_init_exceptions_1               0x000002fb   Thumb Code     0  libinit2.o(.ARM.Collect$$libinit$$0000002E)
    __rt_lib_init_fp_1                       0x000002fb   Thumb Code     0  libinit2.o(.ARM.Collect$$libinit$$00000002)
    __rt_lib_init_fp_trap_1                  0x000002fb   Thumb Code     0  libinit2.o(.ARM.Collect$$libinit$$0000001D)
    __rt_lib_init_getenv_1                   0x000002fb   Thumb Code     0  libinit2.o(.ARM.Collect$$libinit$$00000021)
    __rt_lib_init_heap_1                     0x000002fb   Thumb Code     0  libinit2.o(.ARM.Collect$$libinit$$00000008)
    __rt_lib_init_lc_collate_1               0x000002fb   Thumb Code     0  libinit2.o(.ARM.Collect$$libinit$$0000000F)
    __rt_lib_init_lc_ctype_1                 0x000002fb   Thumb Code     0  libinit2.o(.ARM.Collect$$libinit$$00000011)
    __rt_lib_init_lc_monetary_1              0x000002fb   Thumb Code     0  libinit2.o(.ARM.Collect$$libinit$$00000013)
    __rt_lib_init_lc_numeric_1               0x000002fb   Thumb Code     0  libinit2.o(.ARM.Collect$$libinit$$00000015)
    __rt_lib_init_lc_time_1                  0x000002fb   Thumb Code     0  libinit2.o(.ARM.Collect$$libinit$$00000017)
    __rt_lib_init_rand_1                     0x000002fb   Thumb Code     0  libinit2.o(.ARM.Collect$$libinit$$0000000C)
    __rt_lib_init_return                     0x000002fb   Thumb Code     0  libinit2.o(.ARM.Collect$$libinit$$00000031)
    __rt_lib_init_signal_1                   0x000002fb   Thumb Code     0  libinit2.o(.ARM.Collect$$libinit$$0000001B)
    __rt_lib_init_stdio_1                    0x000002fb   Thumb Code     0  libinit2.o(.ARM.Collect$$libinit$$00000023)
    __rt_lib_init_user_alloc_1               0x000002fb   Thumb Code     0  libinit2.o(.ARM.Collect$$libinit$$0000000A)
    __rt_lib_shutdown                        0x000002fd   Thumb Code     0  libshutdown.o(.ARM.Collect$$libshutdown$$00000000)
    __rt_lib_shutdown_fp_trap_1              0x000002ff   Thumb Code     0  libshutdown2.o(.ARM.Collect$$libshutdown$$00000006)
    __rt_lib_shutdown_heap_1                 0x000002ff   Thumb Code     0  libshutdown2.o(.ARM.Collect$$libshutdown$$0000000E)
    __rt_lib_shutdown_return                 0x000002ff   Thumb Code     0  libshutdown2.o(.ARM.Collect$$libshutdown$$0000000F)
    __rt_lib_shutdown_signal_1               0x000002ff   Thumb Code     0  libshutdown2.o(.ARM.Collect$$libshutdown$$00000009)
    __rt_lib_shutdown_stdio_1                0x000002ff   Thumb Code     0  libshutdown2.o(.ARM.Collect$$libshutdown$$00000003)
    __rt_lib_shutdown_user_alloc_1           0x000002ff   Thumb Code     0  libshutdown2.o(.ARM.Collect$$libshutdown$$0000000B)
    __rt_entry                               0x00000301   Thumb Code     0  rtentry.o(.ARM.Collect$$rtentry$$00000000)
    __rt_entry_presh_1                       0x00000301   Thumb Code     0  rtentry2.o(.ARM.Collect$$rtentry$$00000002)
    __rt_entry_sh                            0x00000301   Thumb Code     0  rtentry4.o(.ARM.Collect$$rtentry$$00000004)
    __rt_entry_li                            0x00000307   Thumb Code     0  rtentry2.o(.ARM.Collect$$rtentry$$0000000A)
    __rt_entry_postsh_1                      0x00000307   Thumb Code     0  rtentry2.o(.ARM.Collect$$rtentry$$00000009)
    __rt_entry_main                          0x0000030b   Thumb Code     0  rtentry2.o(.ARM.Collect$$rtentry$$0000000D)
    __rt_entry_postli_1                      0x0000030b   Thumb Code     0  rtentry2.o(.ARM.Collect$$rtentry$$0000000C)
    __rt_exit                                0x00000313   Thumb Code     0  rtexit.o(.ARM.Collect$$rtexit$$00000000)
    __rt_exit_ls                             0x00000315   Thumb Code     0  rtexit2.o(.ARM.Collect$$rtexit$$00000003)
    __rt_exit_prels_1                        0x00000315   Thumb Code     0  rtexit2.o(.ARM.Collect$$rtexit$$00000002)
    __rt_exit_exit                           0x00000319   Thumb Code     0  rtexit2.o(.ARM.Collect$$rtexit$$00000004)
    DisableInterrupts                        0x00000321   Thumb Code     0  startup.o(.text)
    EnableInterrupts                         0x00000325   Thumb Code     0  startup.o(.text)
    StartCritical                            0x00000329   Thumb Code     0  startup.o(.text)
    EndCritical                              0x00000331   Thumb Code     0  startup.o(.text)
    WaitForInterrupt                         0x00000337   Thumb Code     0  startup.o(.text)
    __user_initial_stackheap                 0x0000033b   Thumb Code     0  startup.o(.text)
    __use_two_region_memory                  0x00000351   Thumb Code     2  heapauxi.o(.text)
    __rt_heap_escrow$2region                 0x00000353   Thumb Code     2  heapauxi.o(.text)
    __rt_heap_expand$2region                 0x00000355   Thumb Code     2  heapauxi.o(.text)
    __user_setup_stackheap                   0x00000357   Thumb Code    74  sys_stackheap_outer.o(.text)
    exit                                     0x000003a1   Thumb Code    12  exit.o(.text)
    __user_libspace                          0x000003ad   Thumb Code     8  libspace.o(.text)
    __user_perproc_libspace                  0x000003ad   Thumb Code     0  libspace.o(.text)
    __user_perthread_libspace                0x000003ad   Thumb Code     0  libspace.o(.text)
    _sys_exit                                0x000003b5   Thumb Code     8  sys_exit.o(.text)
    __I$use$semihosting                      0x000003c1   Thumb Code     0  use_no_semi.o(.text)
    __use_no_semihosting_swi                 0x000003c1   Thumb Code     2  use_no_semi.o(.text)
    __semihosting_library_function           0x000003c3   Thumb Code     0  indicate_semi.o(.text)
    ADC1_In                                  0x000003c5   Thumb Code     6  texas.o(i.ADC1_In)
    ADC1_Init                                0x000003d1   Thumb Code   174  texas.o(i.ADC1_Init)
    ADC_Init                                 0x000004a5   Thumb Code   162  adc.o(i.ADC_Init)
    CheckMode                                0x00000565   Thumb Code    88  xo game.o(i.CheckMode)
    CheckPlayAgain                           0x000005e5   Thumb Code    86  xo game.o(i.CheckPlayAgain)
    Clear_Led                                0x00000669   Thumb Code    24  led.o(i.Clear_Led)
    Display_Winner                           0x00000689   Thumb Code   162  xo game.o(i.Display_Winner)
    DrawGrid                                 0x00000751   Thumb Code   342  xo game.o(i.DrawGrid)
    EndGame                                  0x000008ad   Thumb Code     8  xo game.o(i.EndGame)
    GPIOPortF_Handler                        0x000008b5   Thumb Code   226  main.o(i.GPIOPortF_Handler)
    GPIO_enuReadPinValue                     0x000009b1   Thumb Code    94  gpio_program.o(i.GPIO_enuReadPinValue)
    GPIO_vidClearInterrupt                   0x00000a29   Thumb Code   114  gpio_program.o(i.GPIO_vidClearInterrupt)
    GPIO_vidEnableInterrupt                  0x00000ab5   Thumb Code   114  gpio_program.o(i.GPIO_vidEnableInterrupt)
    GPIO_vidInterruptBothEdges               0x00000b41   Thumb Code   236  gpio_program.o(i.GPIO_vidInterruptBothEdges)
    GPIO_vidSelectInterruptEvent             0x00000c45   Thumb Code   236  gpio_program.o(i.GPIO_vidSelectInterruptEvent)
    GPIO_vidSelectInterruptSense             0x00000d49   Thumb Code   224  gpio_program.o(i.GPIO_vidSelectInterruptSense)
    GPIO_vidSetPUR                           0x00000e41   Thumb Code   244  gpio_program.o(i.GPIO_vidSetPUR)
    GPIO_vidSetPinDigEnable                  0x00000f49   Thumb Code   240  gpio_program.o(i.GPIO_vidSetPinDigEnable)
    GPIO_vidSetPinDirection                  0x0000104d   Thumb Code   236  gpio_program.o(i.GPIO_vidSetPinDirection)
    GPIO_vidUnlock                           0x00001151   Thumb Code    68  gpio_program.o(i.GPIO_vidUnlock)
    GameReset                                0x000011ad   Thumb Code    50  xo game.o(i.GameReset)
    Intro                                    0x000011f1   Thumb Code   100  xo game.o(i.Intro)
    NVIC_vidEnableInterrupt                  0x00001289   Thumb Code    34  nvic_program.o(i.NVIC_vidEnableInterrupt)
    NVIC_vidSetPendingFlag                   0x000012b5   Thumb Code    34  nvic_program.o(i.NVIC_vidSetPendingFlag)
    Nokia5110_Clear                          0x000012e1   Thumb Code    32  nokia5110.o(i.Nokia5110_Clear)
    Nokia5110_ClearBuffer                    0x00001301   Thumb Code    20  nokia5110.o(i.Nokia5110_ClearBuffer)
    Nokia5110_DisplayBuffer                  0x00001319   Thumb Code    10  nokia5110.o(i.Nokia5110_DisplayBuffer)
    Nokia5110_DrawFullImage                  0x00001329   Thumb Code    34  nokia5110.o(i.Nokia5110_DrawFullImage)
    Nokia5110_Init                           0x0000134d   Thumb Code   316  nokia5110.o(i.Nokia5110_Init)
    Nokia5110_OutChar                        0x000014b9   Thumb Code    52  nokia5110.o(i.Nokia5110_OutChar)
    Nokia5110_OutString                      0x000014f1   Thumb Code    22  nokia5110.o(i.Nokia5110_OutString)
    Nokia5110_OutUDec                        0x00001509   Thumb Code   394  nokia5110.o(i.Nokia5110_OutUDec)
    Nokia5110_PrintBMP                       0x000016a5   Thumb Code   420  nokia5110.o(i.Nokia5110_PrintBMP)
    Nokia5110_SetCursor                      0x0000184d   Thumb Code    48  nokia5110.o(i.Nokia5110_SetCursor)
    PLL_Init                                 0x0000187d   Thumb Code   118  texas.o(i.PLL_Init)
    PortB_Init                               0x000018f9   Thumb Code    80  gpio_program.o(i.PortB_Init)
    PortF_Init                               0x0000196d   Thumb Code    70  gpio_program.o(i.PortF_Init)
    SetCode                                  0x000019cd   Thumb Code    20  texas.o(i.SetCode)
    SetCourse                                0x000019e5   Thumb Code    20  texas.o(i.SetCourse)
    Set_Led                                  0x000019fd   Thumb Code    24  led.o(i.Set_Led)
    StartGame                                0x00001a1d   Thumb Code  2238  xo game.o(i.StartGame)
    TExaS_Init                               0x000022f5   Thumb Code   324  texas.o(i.TExaS_Init)
    Timer2_delay                             0x000024b9   Thumb Code    86  timer.o(i.Timer2_delay)
    Timer4A_Handler                          0x00002525   Thumb Code    20  texas.o(i.Timer4A_Handler)
    Timer5A_Handler                          0x00002545   Thumb Code    34  texas.o(i.Timer5A_Handler)
    ToggleLED                                0x00002575   Thumb Code    92  led.o(i.ToggleLED)
    UART0_Init                               0x000025dd   Thumb Code   160  texas.o(i.UART0_Init)
    UART_InChar                              0x0000269d   Thumb Code    20  uart.o(i.UART_InChar)
    UART_Init                                0x000026b5   Thumb Code   126  uart.o(i.UART_Init)
    UART_OutChar                             0x0000274d   Thumb Code    18  uart.o(i.UART_OutChar)
    UART_OutString                           0x00002765   Thumb Code    22  uart.o(i.UART_OutString)
    animation                                0x0000277d   Thumb Code   354  xo game.o(i.animation)
    checkWinner                              0x000028fd   Thumb Code   966  xo game.o(i.checkWinner)
    displayDraw                              0x00002cd9   Thumb Code    70  xo game.o(i.displayDraw)
    displayPlayer                            0x00002d3d   Thumb Code    46  xo game.o(i.displayPlayer)
    main                                     0x00002dc5   Thumb Code   286  main.o(i.main)
    vidButtonsInit                           0x00002f39   Thumb Code   384  main.o(i.vidButtonsInit)
    SmallEnemy10PointA                       0x00003298   Data         199  xo game.o(.constdata)
    Cell                                     0x0000335f   Data         231  xo game.o(.constdata)
    X                                        0x00003446   Data         231  xo game.o(.constdata)
    O                                        0x0000352d   Data         231  xo game.o(.constdata)
    hoveredSquare                            0x00003614   Data         231  xo game.o(.constdata)
    hoveredX                                 0x000036fb   Data         231  xo game.o(.constdata)
    hoveredO                                 0x000037e2   Data         231  xo game.o(.constdata)
    intro                                    0x000038c9   Data        2231  xo game.o(.constdata)
    border                                   0x00004180   Data        2231  xo game.o(.constdata)
    NoInputMsg                               0x00004a37   Data          40  texas.o(.constdata)
    OutputPortMsg0                           0x00004a5f   Data          40  texas.o(.constdata)
    OutputPortMsg1                           0x00004a87   Data          40  texas.o(.constdata)
    OutputPortMsg2                           0x00004aaf   Data          40  texas.o(.constdata)
    OutputPortMsg3                           0x00004ad7   Data          40  texas.o(.constdata)
    BlankMsg                                 0x00004aff   Data          40  texas.o(.constdata)
    InitializedMsg                           0x00004b27   Data          40  texas.o(.constdata)
    IntroMsg                                 0x00004b4f   Data          40  texas.o(.constdata)
    DoneMsg                                  0x00004b77   Data          40  texas.o(.constdata)
    Region$$Table$$Base                      0x00004d80   Number         0  anon$$obj.o(Region$$Table)
    Region$$Table$$Limit                     0x00004da0   Number         0  anon$$obj.o(Region$$Table)
    xWins                                    0x20000000   Data           1  xo game.o(.data)
    oWins                                    0x20000001   Data           1  xo game.o(.data)
    TimerCount                               0x20000004   Data           4  xo game.o(.data)
    playedCells                              0x20000008   Data           4  xo game.o(.data)
    currentCell                              0x2000000c   Data           4  xo game.o(.data)
    playletter                               0x20000010   Data           1  xo game.o(.data)
    data                                     0x20000014   Data           4  xo game.o(.data)
    TExaS_Period                             0x20000018   Data           4  texas.o(.data)
    TExaS_Ports                              0x2000001c   Data           8  texas.o(.data)
    Display                                  0x20000024   Data           1  texas.o(.data)
    TExaS_Meter                              0x20000028   Data           4  texas.o(.data)
    ADCnum                                   0x2000002c   Data           4  texas.o(.data)
    LastMode                                 0x20000030   Data           4  texas.o(.data)
    bFlag                                    0x20000034   Data           4  texas.o(.data)
    Count                                    0x20000038   Data           4  texas.o(.data)
    DelayBetweenTests                        0x2000003c   Data           4  texas.o(.data)
    TExaS_Test                               0x20000040   Data           4  texas.o(.data)
    ScopeMode                                0x20000044   Data           4  texas.o(.data)
    ScopeCount                               0x20000048   Data           4  texas.o(.data)
    uart                                     0x2000004c   Data           4  main.o(.data)
    Right                                    0x20000050   Data           1  main.o(.data)
    Left                                     0x20000051   Data           1  main.o(.data)
    Up                                       0x20000052   Data           1  main.o(.data)
    Dwon                                     0x20000053   Data           1  main.o(.data)
    Sw5Flag                                  0x20000054   Data           1  main.o(.data)
    n                                        0x20000055   Data           1  main.o(.data)
    delay                                    0x20000058   Data           4  gpio_program.o(.data)
    TimerCountt                              0x2000005c   Data           4  timer.o(.data)
    Semaphoree                               0x20000060   Data           4  timer.o(.data)
    i                                        0x20000064   Data           4  led.o(.data)
    temp_delay                               0x20000068   Data           4  adc.o(.data)
    GameMatrix                               0x2000006c   Data           9  xo game.o(.bss)
    TExaS                                    0x20000078   Data          56  texas.o(.bss)
    Screen                                   0x200000b0   Data         504  nokia5110.o(.bss)
    __libspace_start                         0x200002a8   Data          96  libspace.o(.bss)
    __temporary_stack_top$libspace           0x20000308   Data           0  libspace.o(.bss)



==============================================================================

Memory Map of the image

  Image Entry point : 0x0000026d

  Load Region LR_1 (Base: 0x00000000, Size: 0x00004e0c, Max: 0xffffffff, ABSOLUTE)

    Execution Region ER_RO (Base: 0x00000000, Size: 0x00004da0, Max: 0xffffffff, ABSOLUTE)

    Base Addr    Size         Type   Attr      Idx    E Section Name        Object

    0x00000000   0x00000284   Code   RO          228  * RESET               startup.o
    0x00000284   0x00000008   Code   RO          682  * !!!main             c_w.l(__main.o)
    0x0000028c   0x00000034   Code   RO          836    !!!scatter          c_w.l(__scatter.o)
    0x000002c0   0x0000001a   Code   RO          838    !!handler_copy      c_w.l(__scatter_copy.o)
    0x000002da   0x00000002   PAD
    0x000002dc   0x0000001c   Code   RO          840    !!handler_zi        c_w.l(__scatter_zi.o)
    0x000002f8   0x00000002   Code   RO          709    .ARM.Collect$$libinit$$00000000  c_w.l(libinit.o)
    0x000002fa   0x00000000   Code   RO          716    .ARM.Collect$$libinit$$00000002  c_w.l(libinit2.o)
    0x000002fa   0x00000000   Code   RO          719    .ARM.Collect$$libinit$$00000008  c_w.l(libinit2.o)
    0x000002fa   0x00000000   Code   RO          721    .ARM.Collect$$libinit$$0000000A  c_w.l(libinit2.o)
    0x000002fa   0x00000000   Code   RO          723    .ARM.Collect$$libinit$$0000000C  c_w.l(libinit2.o)
    0x000002fa   0x00000000   Code   RO          726    .ARM.Collect$$libinit$$0000000F  c_w.l(libinit2.o)
    0x000002fa   0x00000000   Code   RO          728    .ARM.Collect$$libinit$$00000011  c_w.l(libinit2.o)
    0x000002fa   0x00000000   Code   RO          730    .ARM.Collect$$libinit$$00000013  c_w.l(libinit2.o)
    0x000002fa   0x00000000   Code   RO          732    .ARM.Collect$$libinit$$00000015  c_w.l(libinit2.o)
    0x000002fa   0x00000000   Code   RO          734    .ARM.Collect$$libinit$$00000017  c_w.l(libinit2.o)
    0x000002fa   0x00000000   Code   RO          736    .ARM.Collect$$libinit$$00000019  c_w.l(libinit2.o)
    0x000002fa   0x00000000   Code   RO          738    .ARM.Collect$$libinit$$0000001B  c_w.l(libinit2.o)
    0x000002fa   0x00000000   Code   RO          740    .ARM.Collect$$libinit$$0000001D  c_w.l(libinit2.o)
    0x000002fa   0x00000000   Code   RO          742    .ARM.Collect$$libinit$$0000001F  c_w.l(libinit2.o)
    0x000002fa   0x00000000   Code   RO          744    .ARM.Collect$$libinit$$00000021  c_w.l(libinit2.o)
    0x000002fa   0x00000000   Code   RO          746    .ARM.Collect$$libinit$$00000023  c_w.l(libinit2.o)
    0x000002fa   0x00000000   Code   RO          750    .ARM.Collect$$libinit$$0000002A  c_w.l(libinit2.o)
    0x000002fa   0x00000000   Code   RO          752    .ARM.Collect$$libinit$$0000002C  c_w.l(libinit2.o)
    0x000002fa   0x00000000   Code   RO          754    .ARM.Collect$$libinit$$0000002E  c_w.l(libinit2.o)
    0x000002fa   0x00000000   Code   RO          756    .ARM.Collect$$libinit$$00000030  c_w.l(libinit2.o)
    0x000002fa   0x00000002   Code   RO          757    .ARM.Collect$$libinit$$00000031  c_w.l(libinit2.o)
    0x000002fc   0x00000002   Code   RO          777    .ARM.Collect$$libshutdown$$00000000  c_w.l(libshutdown.o)
    0x000002fe   0x00000000   Code   RO          791    .ARM.Collect$$libshutdown$$00000003  c_w.l(libshutdown2.o)
    0x000002fe   0x00000000   Code   RO          794    .ARM.Collect$$libshutdown$$00000006  c_w.l(libshutdown2.o)
    0x000002fe   0x00000000   Code   RO          797    .ARM.Collect$$libshutdown$$00000009  c_w.l(libshutdown2.o)
    0x000002fe   0x00000000   Code   RO          799    .ARM.Collect$$libshutdown$$0000000B  c_w.l(libshutdown2.o)
    0x000002fe   0x00000000   Code   RO          802    .ARM.Collect$$libshutdown$$0000000E  c_w.l(libshutdown2.o)
    0x000002fe   0x00000002   Code   RO          803    .ARM.Collect$$libshutdown$$0000000F  c_w.l(libshutdown2.o)
    0x00000300   0x00000000   Code   RO          684    .ARM.Collect$$rtentry$$00000000  c_w.l(rtentry.o)
    0x00000300   0x00000000   Code   RO          686    .ARM.Collect$$rtentry$$00000002  c_w.l(rtentry2.o)
    0x00000300   0x00000006   Code   RO          698    .ARM.Collect$$rtentry$$00000004  c_w.l(rtentry4.o)
    0x00000306   0x00000000   Code   RO          688    .ARM.Collect$$rtentry$$00000009  c_w.l(rtentry2.o)
    0x00000306   0x00000004   Code   RO          689    .ARM.Collect$$rtentry$$0000000A  c_w.l(rtentry2.o)
    0x0000030a   0x00000000   Code   RO          691    .ARM.Collect$$rtentry$$0000000C  c_w.l(rtentry2.o)
    0x0000030a   0x00000008   Code   RO          692    .ARM.Collect$$rtentry$$0000000D  c_w.l(rtentry2.o)
    0x00000312   0x00000002   Code   RO          713    .ARM.Collect$$rtexit$$00000000  c_w.l(rtexit.o)
    0x00000314   0x00000000   Code   RO          759    .ARM.Collect$$rtexit$$00000002  c_w.l(rtexit2.o)
    0x00000314   0x00000004   Code   RO          760    .ARM.Collect$$rtexit$$00000003  c_w.l(rtexit2.o)
    0x00000318   0x00000006   Code   RO          761    .ARM.Collect$$rtexit$$00000004  c_w.l(rtexit2.o)
    0x0000031e   0x00000002   PAD
    0x00000320   0x00000030   Code   RO          229    .text               startup.o
    0x00000350   0x00000006   Code   RO          680    .text               c_w.l(heapauxi.o)
    0x00000356   0x0000004a   Code   RO          700    .text               c_w.l(sys_stackheap_outer.o)
    0x000003a0   0x0000000c   Code   RO          702    .text               c_w.l(exit.o)
    0x000003ac   0x00000008   Code   RO          710    .text               c_w.l(libspace.o)
    0x000003b4   0x0000000c   Code   RO          769    .text               c_w.l(sys_exit.o)
    0x000003c0   0x00000002   Code   RO          780    .text               c_w.l(use_no_semi.o)
    0x000003c2   0x00000000   Code   RO          782    .text               c_w.l(indicate_semi.o)
    0x000003c2   0x00000002   PAD
    0x000003c4   0x0000000c   Code   RO          106    i.ADC1_In           texas.o
    0x000003d0   0x000000d4   Code   RO          107    i.ADC1_Init         texas.o
    0x000004a4   0x000000c0   Code   RO          660    i.ADC_Init          adc.o
    0x00000564   0x00000080   Code   RO            1    i.CheckMode         xo game.o
    0x000005e4   0x00000084   Code   RO            2    i.CheckPlayAgain    xo game.o
    0x00000668   0x00000020   Code   RO          621    i.Clear_Led         led.o
    0x00000688   0x000000c8   Code   RO            3    i.Display_Winner    xo game.o
    0x00000750   0x0000015c   Code   RO            4    i.DrawGrid          xo game.o
    0x000008ac   0x00000008   Code   RO            5    i.EndGame           xo game.o
    0x000008b4   0x000000fc   Code   RO          236    i.GPIOPortF_Handler  main.o
    0x000009b0   0x00000078   Code   RO          270    i.GPIO_enuReadPinValue  gpio_program.o
    0x00000a28   0x0000008c   Code   RO          271    i.GPIO_vidClearInterrupt  gpio_program.o
    0x00000ab4   0x0000008c   Code   RO          273    i.GPIO_vidEnableInterrupt  gpio_program.o
    0x00000b40   0x00000104   Code   RO          274    i.GPIO_vidInterruptBothEdges  gpio_program.o
    0x00000c44   0x00000104   Code   RO          277    i.GPIO_vidSelectInterruptEvent  gpio_program.o
    0x00000d48   0x000000f8   Code   RO          278    i.GPIO_vidSelectInterruptSense  gpio_program.o
    0x00000e40   0x00000108   Code   RO          279    i.GPIO_vidSetPUR    gpio_program.o
    0x00000f48   0x00000104   Code   RO          280    i.GPIO_vidSetPinDigEnable  gpio_program.o
    0x0000104c   0x00000104   Code   RO          281    i.GPIO_vidSetPinDirection  gpio_program.o
    0x00001150   0x0000005c   Code   RO          284    i.GPIO_vidUnlock    gpio_program.o
    0x000011ac   0x00000044   Code   RO            6    i.GameReset         xo game.o
    0x000011f0   0x00000098   Code   RO            7    i.Intro             xo game.o
    0x00001288   0x0000002c   Code   RO          398    i.NVIC_vidEnableInterrupt  nvic_program.o
    0x000012b4   0x0000002c   Code   RO          399    i.NVIC_vidSetPendingFlag  nvic_program.o
    0x000012e0   0x00000020   Code   RO          531    i.Nokia5110_Clear   nokia5110.o
    0x00001300   0x00000018   Code   RO          532    i.Nokia5110_ClearBuffer  nokia5110.o
    0x00001318   0x00000010   Code   RO          534    i.Nokia5110_DisplayBuffer  nokia5110.o
    0x00001328   0x00000022   Code   RO          535    i.Nokia5110_DrawFullImage  nokia5110.o
    0x0000134a   0x00000002   PAD
    0x0000134c   0x0000016c   Code   RO          536    i.Nokia5110_Init    nokia5110.o
    0x000014b8   0x00000038   Code   RO          537    i.Nokia5110_OutChar  nokia5110.o
    0x000014f0   0x00000016   Code   RO          538    i.Nokia5110_OutString  nokia5110.o
    0x00001506   0x00000002   PAD
    0x00001508   0x0000019c   Code   RO          539    i.Nokia5110_OutUDec  nokia5110.o
    0x000016a4   0x000001a8   Code   RO          540    i.Nokia5110_PrintBMP  nokia5110.o
    0x0000184c   0x00000030   Code   RO          541    i.Nokia5110_SetCursor  nokia5110.o
    0x0000187c   0x0000007c   Code   RO          108    i.PLL_Init          texas.o
    0x000018f8   0x00000074   Code   RO          285    i.PortB_Init        gpio_program.o
    0x0000196c   0x00000060   Code   RO          286    i.PortF_Init        gpio_program.o
    0x000019cc   0x00000018   Code   RO          109    i.SetCode           texas.o
    0x000019e4   0x00000018   Code   RO          110    i.SetCourse         texas.o
    0x000019fc   0x00000020   Code   RO          622    i.Set_Led           led.o
    0x00001a1c   0x000008d8   Code   RO            8    i.StartGame         xo game.o
    0x000022f4   0x000001c4   Code   RO          114    i.TExaS_Init        texas.o
    0x000024b8   0x0000006c   Code   RO          438    i.Timer2_delay      timer.o
    0x00002524   0x00000020   Code   RO          116    i.Timer4A_Handler   texas.o
    0x00002544   0x00000030   Code   RO          117    i.Timer5A_Handler   texas.o
    0x00002574   0x00000068   Code   RO          623    i.ToggleLED         led.o
    0x000025dc   0x000000c0   Code   RO          120    i.UART0_Init        texas.o
    0x0000269c   0x00000018   Code   RO          458    i.UART_InChar       uart.o
    0x000026b4   0x00000098   Code   RO          461    i.UART_Init         uart.o
    0x0000274c   0x00000018   Code   RO          462    i.UART_OutChar      uart.o
    0x00002764   0x00000016   Code   RO          464    i.UART_OutString    uart.o
    0x0000277a   0x00000002   PAD
    0x0000277c   0x00000180   Code   RO            9    i.animation         xo game.o
    0x000028fc   0x000003dc   Code   RO           10    i.checkWinner       xo game.o
    0x00002cd8   0x00000064   Code   RO           11    i.displayDraw       xo game.o
    0x00002d3c   0x0000003c   Code   RO           12    i.displayPlayer     xo game.o
    0x00002d78   0x0000004c   Code   RO          543    i.lcdwrite          nokia5110.o
    0x00002dc4   0x00000174   Code   RO          237    i.main              main.o
    0x00002f38   0x00000180   Code   RO          238    i.vidButtonsInit    main.o
    0x000030b8   0x0000197f   Data   RO           14    .constdata          xo game.o
    0x00004a37   0x00000168   Data   RO          125    .constdata          texas.o
    0x00004b9f   0x000001e0   Data   RO          545    .constdata          nokia5110.o
    0x00004d7f   0x00000001   PAD
    0x00004d80   0x00000020   Data   RO          834    Region$$Table       anon$$obj.o


    Execution Region ER_RW (Base: 0x20000000, Size: 0x0000006c, Max: 0xffffffff, ABSOLUTE)

    Base Addr    Size         Type   Attr      Idx    E Section Name        Object

    0x20000000   0x00000018   Data   RW           15    .data               xo game.o
    0x20000018   0x00000034   Data   RW          126    .data               texas.o
    0x2000004c   0x0000000a   Data   RW          240    .data               main.o
    0x20000056   0x00000002   PAD
    0x20000058   0x00000004   Data   RW          287    .data               gpio_program.o
    0x2000005c   0x00000008   Data   RW          439    .data               timer.o
    0x20000064   0x00000004   Data   RW          624    .data               led.o
    0x20000068   0x00000004   Data   RW          661    .data               adc.o


    Execution Region ER_ZI (Base: 0x2000006c, Size: 0x0000069c, Max: 0xffffffff, ABSOLUTE)

    Base Addr    Size         Type   Attr      Idx    E Section Name        Object

    0x2000006c   0x00000009   Zero   RW           13    .bss                xo game.o
    0x20000075   0x00000003   PAD
    0x20000078   0x00000038   Zero   RW          124    .bss                texas.o
    0x200000b0   0x000001f8   Zero   RW          544    .bss                nokia5110.o
    0x200002a8   0x00000060   Zero   RW          711    .bss                c_w.l(libspace.o)
    0x20000308   0x00000000   Zero   RW          227    HEAP                startup.o
    0x20000308   0x00000400   Zero   RW          226    STACK               startup.o


==============================================================================

Image component sizes


      Code (inc. data)   RO Data    RW Data    ZI Data      Debug   Object Name

       192         30          0          4          0        620   adc.o
      2256        360          0          4          0       8505   gpio_program.o
       168         28          0          4          0       1478   led.o
      1008        112          0         10          0       2068   main.o
      1508         94        480          0        504       8581   nokia5110.o
        88         20          0          0          0       1455   nvic_program.o
       692        632          0          0       1024        956   startup.o
      1120        244        360         52         56      16248   texas.o
       108         22          0          8          0        792   timer.o
       222         36          0          0          0       1774   uart.o
      4832        412       6527         24          9      10766   xo game.o

    ----------------------------------------------------------------------
     12200       1990       7400        108       1596      53243   Object Totals
         0          0         32          0          0          0   (incl. Generated)
         6          0          1          2          3          0   (incl. Padding)

    ----------------------------------------------------------------------

      Code (inc. data)   RO Data    RW Data    ZI Data      Debug   Library Member Name

         8          0          0          0          0         68   __main.o
        52          8          0          0          0          0   __scatter.o
        26          0          0          0          0          0   __scatter_copy.o
        28          0          0          0          0          0   __scatter_zi.o
        12          0          0          0          0         72   exit.o
         6          0          0          0          0        152   heapauxi.o
         0          0          0          0          0          0   indicate_semi.o
         2          0          0          0          0          0   libinit.o
         2          0          0          0          0          0   libinit2.o
         2          0          0          0          0          0   libshutdown.o
         2          0          0          0          0          0   libshutdown2.o
         8          4          0          0         96         68   libspace.o
         0          0          0          0          0          0   rtentry.o
        12          0          0          0          0          0   rtentry2.o
         6          0          0          0          0          0   rtentry4.o
         2          0          0          0          0          0   rtexit.o
        10          0          0          0          0          0   rtexit2.o
        12          4          0          0          0         68   sys_exit.o
        74          0          0          0          0         80   sys_stackheap_outer.o
         2          0          0          0          0         68   use_no_semi.o

    ----------------------------------------------------------------------
       272         16          0          0         96        576   Library Totals
         6          0          0          0          0          0   (incl. Padding)

    ----------------------------------------------------------------------

      Code (inc. data)   RO Data    RW Data    ZI Data      Debug   Library Name

       266         16          0          0         96        576   c_w.l

    ----------------------------------------------------------------------
       272         16          0          0         96        576   Library Totals

    ----------------------------------------------------------------------

==============================================================================


      Code (inc. data)   RO Data    RW Data    ZI Data      Debug   

     12472       2006       7400        108       1692      50699   Grand Totals
     12472       2006       7400        108       1692      50699   ELF Image Totals
     12472       2006       7400        108          0          0   ROM Totals

==============================================================================

    Total RO  Size (Code + RO Data)                19872 (  19.41kB)
    Total RW  Size (RW Data + ZI Data)              1800 (   1.76kB)
    Total ROM Size (Code + RO Data + RW Data)      19980 (  19.51kB)

==============================================================================

